Archive member included to satisfy reference by file (symbol)

/usr/bin/../lib/gcc/arm-none-eabi/13.3.1/../../../../arm-none-eabi/lib/thumb/v7-m/nofp/libc_nano.a(libc_a-exit.o)
                              /usr/bin/../lib/gcc/arm-none-eabi/13.3.1/../../../../arm-none-eabi/lib/thumb/v7-m/nofp/crt0.o (exit)
/usr/bin/../lib/gcc/arm-none-eabi/13.3.1/../../../../arm-none-eabi/lib/thumb/v7-m/nofp/libc_nano.a(libc_a-errno.o)
                              /tmp/cchnSye8.o (__errno)
/usr/bin/../lib/gcc/arm-none-eabi/13.3.1/../../../../arm-none-eabi/lib/thumb/v7-m/nofp/libc_nano.a(libc_a-init.o)
                              /usr/bin/../lib/gcc/arm-none-eabi/13.3.1/../../../../arm-none-eabi/lib/thumb/v7-m/nofp/crt0.o (__libc_init_array)
/usr/bin/../lib/gcc/arm-none-eabi/13.3.1/../../../../arm-none-eabi/lib/thumb/v7-m/nofp/libc_nano.a(libc_a-memset.o)
                              /usr/bin/../lib/gcc/arm-none-eabi/13.3.1/../../../../arm-none-eabi/lib/thumb/v7-m/nofp/crt0.o (memset)
/usr/bin/../lib/gcc/arm-none-eabi/13.3.1/../../../../arm-none-eabi/lib/thumb/v7-m/nofp/libc_nano.a(libc_a-impure.o)
                              /usr/bin/../lib/gcc/arm-none-eabi/13.3.1/../../../../arm-none-eabi/lib/thumb/v7-m/nofp/libc_nano.a(libc_a-errno.o) (_impure_ptr)
/usr/bin/../lib/gcc/arm-none-eabi/13.3.1/../../../../arm-none-eabi/lib/thumb/v7-m/nofp/libc_nano.a(libc_a-findfp.o)
                              /usr/bin/../lib/gcc/arm-none-eabi/13.3.1/../../../../arm-none-eabi/lib/thumb/v7-m/nofp/libc_nano.a(libc_a-exit.o) (__stdio_exit_handler)
/usr/bin/../lib/gcc/arm-none-eabi/13.3.1/../../../../arm-none-eabi/lib/thumb/v7-m/nofp/libc_nano.a(libc_a-stdio.o)
                              /usr/bin/../lib/gcc/arm-none-eabi/13.3.1/../../../../arm-none-eabi/lib/thumb/v7-m/nofp/libc_nano.a(libc_a-findfp.o) (__sread)
/usr/bin/../lib/gcc/arm-none-eabi/13.3.1/../../../../arm-none-eabi/lib/thumb/v7-m/nofp/libc_nano.a(libc_a-lseekr.o)
                              /usr/bin/../lib/gcc/arm-none-eabi/13.3.1/../../../../arm-none-eabi/lib/thumb/v7-m/nofp/libc_nano.a(libc_a-stdio.o) (_lseek_r)
/usr/bin/../lib/gcc/arm-none-eabi/13.3.1/../../../../arm-none-eabi/lib/thumb/v7-m/nofp/libc_nano.a(libc_a-readr.o)
                              /usr/bin/../lib/gcc/arm-none-eabi/13.3.1/../../../../arm-none-eabi/lib/thumb/v7-m/nofp/libc_nano.a(libc_a-stdio.o) (_read_r)
/usr/bin/../lib/gcc/arm-none-eabi/13.3.1/../../../../arm-none-eabi/lib/thumb/v7-m/nofp/libc_nano.a(libc_a-fwalk.o)
                              /usr/bin/../lib/gcc/arm-none-eabi/13.3.1/../../../../arm-none-eabi/lib/thumb/v7-m/nofp/libc_nano.a(libc_a-findfp.o) (_fwalk_sglue)
/usr/bin/../lib/gcc/arm-none-eabi/13.3.1/../../../../arm-none-eabi/lib/thumb/v7-m/nofp/libc_nano.a(libc_a-writer.o)
                              /usr/bin/../lib/gcc/arm-none-eabi/13.3.1/../../../../arm-none-eabi/lib/thumb/v7-m/nofp/libc_nano.a(libc_a-stdio.o) (_write_r)
/usr/bin/../lib/gcc/arm-none-eabi/13.3.1/../../../../arm-none-eabi/lib/thumb/v7-m/nofp/libc_nano.a(libc_a-lock.o)
                              /usr/bin/../lib/gcc/arm-none-eabi/13.3.1/../../../../arm-none-eabi/lib/thumb/v7-m/nofp/libc_nano.a(libc_a-findfp.o) (__retarget_lock_init_recursive)
/usr/bin/../lib/gcc/arm-none-eabi/13.3.1/../../../../arm-none-eabi/lib/thumb/v7-m/nofp/libc_nano.a(libc_a-fflush.o)
                              /usr/bin/../lib/gcc/arm-none-eabi/13.3.1/../../../../arm-none-eabi/lib/thumb/v7-m/nofp/libc_nano.a(libc_a-findfp.o) (_fflush_r)
/usr/bin/../lib/gcc/arm-none-eabi/13.3.1/../../../../arm-none-eabi/lib/thumb/v7-m/nofp/libc_nano.a(libc_a-mallocr.o)
                              /usr/bin/../lib/gcc/arm-none-eabi/13.3.1/../../../../arm-none-eabi/lib/thumb/v7-m/nofp/libc_nano.a(libc_a-findfp.o) (_malloc_r)
/usr/bin/../lib/gcc/arm-none-eabi/13.3.1/../../../../arm-none-eabi/lib/thumb/v7-m/nofp/libc_nano.a(libc_a-closer.o)
                              /usr/bin/../lib/gcc/arm-none-eabi/13.3.1/../../../../arm-none-eabi/lib/thumb/v7-m/nofp/libc_nano.a(libc_a-stdio.o) (_close_r)
/usr/bin/../lib/gcc/arm-none-eabi/13.3.1/../../../../arm-none-eabi/lib/thumb/v7-m/nofp/libc_nano.a(libc_a-reent.o)
                              /usr/bin/../lib/gcc/arm-none-eabi/13.3.1/../../../../arm-none-eabi/lib/thumb/v7-m/nofp/libc_nano.a(libc_a-lseekr.o) (errno)
/usr/bin/../lib/gcc/arm-none-eabi/13.3.1/../../../../arm-none-eabi/lib/thumb/v7-m/nofp/libc_nano.a(libc_a-mlock.o)
                              /usr/bin/../lib/gcc/arm-none-eabi/13.3.1/../../../../arm-none-eabi/lib/thumb/v7-m/nofp/libc_nano.a(libc_a-mallocr.o) (__malloc_lock)
/usr/bin/../lib/gcc/arm-none-eabi/13.3.1/../../../../arm-none-eabi/lib/thumb/v7-m/nofp/libc_nano.a(libc_a-sbrkr.o)
                              /usr/bin/../lib/gcc/arm-none-eabi/13.3.1/../../../../arm-none-eabi/lib/thumb/v7-m/nofp/libc_nano.a(libc_a-mallocr.o) (_sbrk_r)
/usr/bin/../lib/gcc/arm-none-eabi/13.3.1/../../../../arm-none-eabi/lib/thumb/v7-m/nofp/libc_nano.a(libc_a-freer.o)
[...]
Memory Configuration

Name             Origin             Length             Attributes
RAM              0x20000000         0x00005000         xrw
FLASH            0x08000000         0x00010000         xr
*default*        0x00000000         0xffffffff

Linker script and memory map

LOAD /usr/bin/../lib/gcc/arm-none-eabi/13.3.1/thumb/v7-m/nofp/crti.o
LOAD /usr/bin/../lib/gcc/arm-none-eabi/13.3.1/thumb/v7-m/nofp/crtbegin.o
LOAD /usr/bin/../lib/gcc/arm-none-eabi/13.3.1/../../../../arm-none-eabi/lib/thumb/v7-m/nofp/crt0.o
LOAD /tmp/cc88oHD8.o
LOAD /tmp/ccudI3z0.o
LOAD /tmp/ccCfiLKV.o
LOAD /tmp/cck6a6Eo.o
LOAD /tmp/ccVXBb9P.o
LOAD /tmp/ccDKohZP.o
LOAD /tmp/cchnSye8.o
LOAD /tmp/ccco7kW5.o
LOAD /tmp/ccOL1G9C.o
LOAD /tmp/ccD9FpU9.o
LOAD /tmp/ccx7QDrz.o
LOAD /tmp/cc4Zwaep.o
START GROUP
LOAD /usr/bin/../lib/gcc/arm-none-eabi/13.3.1/../../../../arm-none-eabi/lib/thumb/v7-m/nofp/libc_nano.a
LOAD /usr/bin/../lib/gcc/arm-none-eabi/13.3.1/../../../../arm-none-eabi/lib/thumb/v7-m/nofp/libm.a
END GROUP
START GROUP
LOAD /usr/bin/../lib/gcc/arm-none-eabi/13.3.1/thumb/v7-m/nofp/libgcc.a
LOAD /usr/bin/../lib/gcc/arm-none-eabi/13.3.1/../../../../arm-none-eabi/lib/thumb/v7-m/nofp/libg_nano.a
LOAD /usr/bin/../lib/gcc/arm-none-eabi/13.3.1/../../../../arm-none-eabi/lib/thumb/v7-m/nofp/libc_nano.a
END GROUP
START GROUP
LOAD /usr/bin/../lib/gcc/arm-none-eabi/13.3.1/thumb/v7-m/nofp/libgcc.a
LOAD /usr/bin/../lib/gcc/arm-none-eabi/13.3.1/../../../../arm-none-eabi/lib/thumb/v7-m/nofp/libc_nano.a
LOAD /usr/bin/../lib/gcc/arm-none-eabi/13.3.1/../../../../arm-none-eabi/lib/thumb/v7-m/nofp/libnosys.a
END GROUP
START GROUP
LOAD /usr/bin/../lib/gcc/arm-none-eabi/13.3.1/thumb/v7-m/nofp/libgcc.a
LOAD /usr/bin/../lib/gcc/arm-none-eabi/13.3.1/../../../../arm-none-eabi/lib/thumb/v7-m/nofp/libc_nano.a
LOAD /usr/bin/../lib/gcc/arm-none-eabi/13.3.1/../../../../arm-none-eabi/lib/thumb/v7-m/nofp/libnosys.a
END GROUP
LOAD /usr/bin/../lib/gcc/arm-none-eabi/13.3.1/thumb/v7-m/nofp/crtend.o
LOAD /usr/bin/../lib/gcc/arm-none-eabi/13.3.1/thumb/v7-m/nofp/crtn.o
                0x20005000                        _estack = (ORIGIN (RAM) + LENGTH (RAM))
                0x00000200                        _Min_Heap_Size = 0x200
                0x00000400                        _Min_Stack_Size = 0x400

.isr_vector     0x08000000      0x10c
                0x08000000                        . = ALIGN (0x4)
 *(.isr_vector)
 .isr_vector    0x08000000      0x10c /tmp/cc4Zwaep.o
                0x08000000                g_pfnVectors
                0x0800010c                        . = ALIGN (0x4)

.text           0x0800010c      0x5f0
                0x0800010c                        . = ALIGN (0x4)
 *(.text)
 *(.text*)
 .text.deregister_tm_clones
                0x0800010c       0x1c /usr/bin/../lib/gcc/arm-none-eabi/13.3.1/thumb/v7-m/nofp/crtbegin.o
 .text.register_tm_clones
                0x08000128       0x24 /usr/bin/../lib/gcc/arm-none-eabi/13.3.1/thumb/v7-m/nofp/crtbegin.o
 .text.__do_global_dtors_aux
                0x0800014c       0x28 /usr/bin/../lib/gcc/arm-none-eabi/13.3.1/thumb/v7-m/nofp/crtbegin.o
 .text.frame_dummy
                0x08000174       0x24 /usr/bin/../lib/gcc/arm-none-eabi/13.3.1/thumb/v7-m/nofp/crtbegin.o
 .text.MX_ADC1_Init
                0x08000198       0x50 /tmp/cc88oHD8.o
                0x08000198                MX_ADC1_Init
 .text.MX_GPIO_Init
                0x080001e8      0x128 /tmp/ccudI3z0.o
                0x080001e8                MX_GPIO_Init
 .text.MX_I2C1_Init
                0x08000310       0x3c /tmp/ccCfiLKV.o
                0x08000310                MX_I2C1_Init
 .text.SystemClock_Config
                0x0800034c       0x7e /tmp/cck6a6Eo.o
                0x0800034c                SystemClock_Config
 .text.startup.main
                0x080003ca       0x34 /tmp/cck6a6Eo.o
                0x080003ca                main
 .text.Error_Handler
                0x080003fe        0x4 /tmp/cck6a6Eo.o
                0x080003fe                Error_Handler
 .text.NMI_Handler
                0x08000402        0x2 /tmp/ccDKohZP.o
                0x08000402                NMI_Handler
 .text.HardFault_Handler
                0x08000404        0x2 /tmp/ccDKohZP.o
                0x08000404                HardFault_Handler
 .text.MemManage_Handler
                0x08000406        0x2 /tmp/ccDKohZP.o
                0x08000406                MemManage_Handler
 .text.BusFault_Handler
                0x08000408        0x2 /tmp/ccDKohZP.o
                0x08000408                BusFault_Handler
 .text.UsageFault_Handler
                0x0800040a        0x2 /tmp/ccDKohZP.o
                0x0800040a                UsageFault_Handler
 .text.SVC_Handler
                0x0800040c        0x2 /tmp/ccDKohZP.o
                0x0800040c                SVC_Handler
 .text.DebugMon_Handler
                0x0800040e        0x2 /tmp/ccDKohZP.o
                0x0800040e                DebugMon_Handler
 .text.PendSV_Handler
                0x08000410        0x2 /tmp/ccDKohZP.o
                0x08000410                PendSV_Handler
 .text.SysTick_Handler
                0x08000412        0x4 /tmp/ccDKohZP.o
                0x08000412                SysTick_Handler
 .text.EXTI9_5_IRQHandler
                0x08000416       0x12 /tmp/ccDKohZP.o
                0x08000416                EXTI9_5_IRQHandler
 .text.TIM1_UP_IRQHandler
                0x08000428        0xc /tmp/ccDKohZP.o
                0x08000428                TIM1_UP_IRQHandler
 .text.EXTI15_10_IRQHandler
                0x08000434       0x16 /tmp/ccDKohZP.o
                0x08000434                EXTI15_10_IRQHandler
 .text.SystemInit
                0x0800044a        0x2 /tmp/ccOL1G9C.o
                0x0800044a                SystemInit
 .text.MX_TIM1_Init
                0x0800044c       0x6c /tmp/ccD9FpU9.o
                0x0800044c                MX_TIM1_Init
 .text.MX_TIM4_Init
                0x080004b8       0x64 /tmp/ccD9FpU9.o
                0x080004b8                MX_TIM4_Init
 .text.HAL_TIM_MspPostInit
                0x0800051c       0x4c /tmp/ccD9FpU9.o
                0x0800051c                HAL_TIM_MspPostInit
 .text.MX_TIM3_Init
                0x08000568       0xa0 /tmp/ccD9FpU9.o
                0x08000568                MX_TIM3_Init
 .text.MX_USART1_UART_Init
                0x08000608       0x38 /tmp/ccx7QDrz.o
                0x08000608                MX_USART1_UART_Init
 .text.Reset_Handler
                0x08000640       0x48 /tmp/cc4Zwaep.o
                0x08000640                Reset_Handler
 .text.Default_Handler
                0x08000688        0x2 /tmp/cc4Zwaep.o
                0x08000688                RTC_Alarm_IRQHandler
                0x08000688                EXTI2_IRQHandler
                0x08000688                TIM1_CC_IRQHandler
                0x08000688                PVD_IRQHandler
                0x08000688                EXTI3_IRQHandler
                0x08000688                EXTI0_IRQHandler
                0x08000688                I2C2_EV_IRQHandler
                0x08000688                ADC1_2_IRQHandler
                0x08000688                SPI1_IRQHandler
                0x08000688                TAMPER_IRQHandler
                0x08000688                DMA1_Channel4_IRQHandler
                0x08000688                USART3_IRQHandler
                0x08000688                RTC_IRQHandler
                0x08000688                DMA1_Channel7_IRQHandler
                0x08000688                CAN1_RX1_IRQHandler
                0x08000688                TIM4_IRQHandler
                0x08000688                I2C1_EV_IRQHandler
                0x08000688                DMA1_Channel6_IRQHandler
                0x08000688                TIM3_IRQHandler
                0x08000688                RCC_IRQHandler
                0x08000688                TIM1_TRG_COM_IRQHandler
                0x08000688                DMA1_Channel1_IRQHandler
                0x08000688                Default_Handler
                0x08000688                SPI2_IRQHandler
                0x08000688                DMA1_Channel5_IRQHandler
                0x08000688                EXTI4_IRQHandler
                0x08000688                USB_LP_CAN1_RX0_IRQHandler
                0x08000688                USB_HP_CAN1_TX_IRQHandler
                0x08000688                DMA1_Channel3_IRQHandler
                0x08000688                WWDG_IRQHandler
                0x08000688                TIM2_IRQHandler
                0x08000688                TIM1_BRK_IRQHandler
                0x08000688                EXTI1_IRQHandler
                0x08000688                USART2_IRQHandler
                0x08000688                I2C2_ER_IRQHandler
                0x08000688                DMA1_Channel2_IRQHandler
                0x08000688                CAN1_SCE_IRQHandler
                0x08000688                FLASH_IRQHandler
                0x08000688                USART1_IRQHandler
                0x08000688                I2C1_ER_IRQHandler
                0x08000688                USBWakeUp_IRQHandler
 *fill*         0x0800068a        0x2 
 .text.__libc_init_array
                0x0800068c       0x48 /usr/bin/../lib/gcc/arm-none-eabi/13.3.1/../../../../arm-none-eabi/lib/thumb/v7-m/nofp/libc_nano.a(libc_a-init.o)
                0x0800068c                __libc_init_array
 .text.memset   0x080006d4       0x10 /usr/bin/../lib/gcc/arm-none-eabi/13.3.1/../../../../arm-none-eabi/lib/thumb/v7-m/nofp/libc_nano.a(libc_a-memset.o)
                0x080006d4                memset
 *(.glue_7)
 .glue_7        0x080006e4        0x0 linker stubs
 *(.glue_7t)
 .glue_7t       0x080006e4        0x0 linker stubs
 *(.eh_frame)
 .eh_frame      0x080006e4        0x0 /usr/bin/../lib/gcc/arm-none-eabi/13.3.1/thumb/v7-m/nofp/crtbegin.o
 *(.init)
 .init          0x080006e4        0x4 /usr/bin/../lib/gcc/arm-none-eabi/13.3.1/thumb/v7-m/nofp/crti.o
                0x080006e4                _init
 .init          0x080006e8        0x8 /usr/bin/../lib/gcc/arm-none-eabi/13.3.1/thumb/v7-m/nofp/crtn.o
 *(.fini)
 .fini          0x080006f0        0x4 /usr/bin/../lib/gcc/arm-none-eabi/13.3.1/thumb/v7-m/nofp/crti.o
                0x080006f0                _fini
 .fini          0x080006f4        0x8 /usr/bin/../lib/gcc/arm-none-eabi/13.3.1/thumb/v7-m/nofp/crtn.o
                0x080006fc                        . = ALIGN (0x4)
                0x080006fc                        _etext = .

.vfp11_veneer   0x080006fc        0x0
 .vfp11_veneer  0x080006fc        0x0 linker stubs

.v4_bx          0x080006fc        0x0
 .v4_bx         0x080006fc        0x0 linker stubs

.iplt           0x080006fc        0x0
 .iplt          0x080006fc        0x0 /usr/bin/../lib/gcc/arm-none-eabi/13.3.1/thumb/v7-m/nofp/crtbegin.o

.rel.dyn        0x080006fc        0x0
 .rel.iplt      0x080006fc        0x0 /usr/bin/../lib/gcc/arm-none-eabi/13.3.1/thumb/v7-m/nofp/crtbegin.o

.rodata         0x080006fc        0x0
                0x080006fc                        . = ALIGN (0x4)
 *(.rodata)
 *(.rodata*)
                0x080006fc                        . = ALIGN (0x4)

.ARM.extab      0x080006fc        0x0
                0x080006fc                        . = ALIGN (0x4)
 *(.ARM.extab* .gnu.linkonce.armextab.*)
                0x080006fc                        . = ALIGN (0x4)

.ARM            0x080006fc        0x0
                0x080006fc                        . = ALIGN (0x4)
                0x080006fc                        __exidx_start = .
 *(.ARM.exidx*)
                0x080006fc                        __exidx_end = .
                0x080006fc                        . = ALIGN (0x4)

.preinit_array  0x080006fc        0x0
                0x080006fc                        . = ALIGN (0x4)
                0x080006fc                        PROVIDE (__preinit_array_start = .)
 *(.preinit_array*)
                0x080006fc                        PROVIDE (__preinit_array_end = .)
                0x080006fc                        . = ALIGN (0x4)

.init_array     0x080006fc        0x4
                0x080006fc                        . = ALIGN (0x4)
                0x080006fc                        PROVIDE (__init_array_start = .)
 *(SORT_BY_NAME(.init_array.*))
 *(.init_array*)
 .init_array    0x080006fc        0x4 /usr/bin/../lib/gcc/arm-none-eabi/13.3.1/thumb/v7-m/nofp/crtbegin.o
                0x08000700                        PROVIDE (__init_array_end = .)
                0x08000700                        . = ALIGN (0x4)

.fini_array     0x08000700        0x4
                0x08000700                        . = ALIGN (0x4)
                [!provide]                        PROVIDE (__fini_array_start = .)
 *(SORT_BY_NAME(.fini_array.*))
 *(.fini_array*)
 .fini_array    0x08000700        0x4 /usr/bin/../lib/gcc/arm-none-eabi/13.3.1/thumb/v7-m/nofp/crtbegin.o
                [!provide]                        PROVIDE (__fini_array_end = .)
                0x08000704                        . = ALIGN (0x4)
                0x08000704                        _sidata = LOADADDR (.data)

.data           0x20000000        0x0 load address 0x08000704
                0x20000000                        . = ALIGN (0x4)
                0x20000000                        _sdata = .
 *(.data)
 *(.data*)
 *(.RamFunc)
 *(.RamFunc*)
                0x20000000                        . = ALIGN (0x4)
                0x20000000                        _edata = .

.tm_clone_table
                0x20000000        0x0 load address 0x08000704
 .tm_clone_table
                0x20000000        0x0 /usr/bin/../lib/gcc/arm-none-eabi/13.3.1/thumb/v7-m/nofp/crtbegin.o
 .tm_clone_table
                0x20000000        0x0 /usr/bin/../lib/gcc/arm-none-eabi/13.3.1/thumb/v7-m/nofp/crtend.o

.igot.plt       0x20000000        0x0 load address 0x08000704
 .igot.plt      0x20000000        0x0 /usr/bin/../lib/gcc/arm-none-eabi/13.3.1/thumb/v7-m/nofp/crtbegin.o
                0x20000000                        . = ALIGN (0x4)

.bss            0x20000000      0x1bc load address 0x08000704
                0x20000000                        _sbss = .
                0x20000000                        __bss_start__ = _sbss
 *(.bss)
 *(.bss*)
 .bss.completed.1
                0x20000000        0x1 /usr/bin/../lib/gcc/arm-none-eabi/13.3.1/thumb/v7-m/nofp/crtbegin.o
 *fill*         0x20000001        0x3 
 .bss.object.0  0x20000004       0x18 /usr/bin/../lib/gcc/arm-none-eabi/13.3.1/thumb/v7-m/nofp/crtbegin.o
 .bss.hadc1     0x2000001c       0x30 /tmp/cc88oHD8.o
                0x2000001c                hadc1
 .bss.hi2c1     0x2000004c       0x54 /tmp/ccCfiLKV.o
                0x2000004c                hi2c1
 .bss.htim4     0x200000a0       0x48 /tmp/ccD9FpU9.o
                0x200000a0                htim4
 .bss.htim3     0x200000e8       0x48 /tmp/ccD9FpU9.o
                0x200000e8                htim3
 .bss.htim1     0x20000130       0x48 /tmp/ccD9FpU9.o
                0x20000130                htim1
 .bss.huart1    0x20000178       0x44 /tmp/ccx7QDrz.o
                0x20000178                huart1
 *(COMMON)
                0x200001bc                        . = ALIGN (0x4)
                0x200001bc                        _ebss = .
                0x200001bc                        __bss_end__ = _ebss

._user_heap_stack
                0x200001bc      0x604 load address 0x08000704
                0x200001c0                        . = ALIGN (0x8)
 *fill*         0x200001bc        0x4 
                [!provide]                        PROVIDE (end = .)
                0x200001c0                        PROVIDE (_end = .)
                0x200003c0                        . = (. + _Min_Heap_Size)
 *fill*         0x200001c0      0x200 
                0x200007c0                        . = (. + _Min_Stack_Size)
 *fill*         0x200003c0      0x400 
                0x200007c0                        . = ALIGN (0x8)

/DISCARD/
 libc.a(*)
 libm.a(*)
 libgcc.a(*)

.ARM.attributes
                0x00000000       0x29
 *(.ARM.attributes)
 .ARM.attributes
                0x00000000       0x1d /usr/bin/../lib/gcc/arm-none-eabi/13.3.1/thumb/v7-m/nofp/crti.o
 .ARM.attributes
                0x0000001d       0x2d /usr/bin/../lib/gcc/arm-none-eabi/13.3.1/thumb/v7-m/nofp/crtbegin.o
 .ARM.attributes
                0x0000004a       0x2d /tmp/cc88oHD8.o
 .ARM.attributes
                0x00000077       0x2d /tmp/ccudI3z0.o
 .ARM.attributes
                0x000000a4       0x2d /tmp/ccCfiLKV.o
 .ARM.attributes
                0x000000d1       0x2d /tmp/cck6a6Eo.o
 .ARM.attributes
                0x000000fe       0x2d /tmp/ccDKohZP.o
 .ARM.attributes
                0x0000012b       0x2d /tmp/ccOL1G9C.o
 .ARM.attributes
                0x00000158       0x2d /tmp/ccD9FpU9.o
 .ARM.attributes
                0x00000185       0x2d /tmp/ccx7QDrz.o
 .ARM.attributes
                0x000001b2       0x21 /tmp/cc4Zwaep.o
 .ARM.attributes
                0x000001d3       0x2d /usr/bin/../lib/gcc/arm-none-eabi/13.3.1/../../../../arm-none-eabi/lib/thumb/v7-m/nofp/libc_nano.a(libc_a-init.o)
 .ARM.attributes
                0x00000200       0x2d /usr/bin/../lib/gcc/arm-none-eabi/13.3.1/../../../../arm-none-eabi/lib/thumb/v7-m/nofp/libc_nano.a(libc_a-memset.o)
 .ARM.attributes
                0x0000022d       0x2d /usr/bin/../lib/gcc/arm-none-eabi/13.3.1/thumb/v7-m/nofp/crtend.o
 .ARM.attributes
                0x0000025a       0x1d /usr/bin/../lib/gcc/arm-none-eabi/13.3.1/thumb/v7-m/nofp/crtn.o
OUTPUT(firmware.elf elf32-littlearm)
LOAD linker stubs
LOAD /usr/bin/../lib/gcc/arm-none-eabi/13.3.1/../../../../arm-none-eabi/lib/thumb/v7-m/nofp/libc.a
LOAD /usr/bin/../lib/gcc/arm-none-eabi/13.3.1/../../../../arm-none-eabi/lib/thumb/v7-m/nofp/libm.a
LOAD /usr/bin/../lib/gcc/arm-none-eabi/13.3.1/thumb/v7-m/nofp/libgcc.a

.debug_info     0x00000000     0x3e62
 .debug_info    0x00000000      0x85c /tmp/cc88oHD8.o
 .debug_info    0x0000085c      0x5c4 /tmp/ccudI3z0.o
 .debug_info    0x00000e20      0x921 /tmp/ccCfiLKV.o
 .debug_info    0x00001741      0x500 /tmp/cck6a6Eo.o
 .debug_info    0x00001c41      0x74a /tmp/ccDKohZP.o
 .debug_info    0x0000238b      0x22a /tmp/ccOL1G9C.o
 .debug_info    0x000025b5     0x1070 /tmp/ccD9FpU9.o
 .debug_info    0x00003625      0x80d /tmp/ccx7QDrz.o
 .debug_info    0x00003e32       0x30 /tmp/cc4Zwaep.o

.debug_abbrev   0x00000000      0xfec
 .debug_abbrev  0x00000000      0x203 /tmp/cc88oHD8.o
 .debug_abbrev  0x00000203      0x186 /tmp/ccudI3z0.o
 .debug_abbrev  0x00000389      0x233 /tmp/ccCfiLKV.o
 .debug_abbrev  0x000005bc      0x220 /tmp/cck6a6Eo.o
 .debug_abbrev  0x000007dc      0x209 /tmp/ccDKohZP.o
 .debug_abbrev  0x000009e5      0x145 /tmp/ccOL1G9C.o
 .debug_abbrev  0x00000b2a      0x29a /tmp/ccD9FpU9.o
 .debug_abbrev  0x00000dc4      0x204 /tmp/ccx7QDrz.o
 .debug_abbrev  0x00000fc8       0x24 /tmp/cc4Zwaep.o

.debug_loclists
                0x00000000      0x291
 .debug_loclists
                0x00000000       0x54 /tmp/cc88oHD8.o
 .debug_loclists
                0x00000054       0x7d /tmp/ccCfiLKV.o
 .debug_loclists
                0x000000d1       0xac /tmp/ccOL1G9C.o
 .debug_loclists
                0x0000017d       0xc0 /tmp/ccD9FpU9.o
 .debug_loclists
                0x0000023d       0x54 /tmp/ccx7QDrz.o

.debug_aranges  0x00000000      0x200
 .debug_aranges
                0x00000000       0x30 /tmp/cc88oHD8.o
 .debug_aranges
                0x00000030       0x20 /tmp/ccudI3z0.o
 .debug_aranges
                0x00000050       0x30 /tmp/ccCfiLKV.o
 .debug_aranges
                0x00000080       0x30 /tmp/cck6a6Eo.o
 .debug_aranges
                0x000000b0       0x78 /tmp/ccDKohZP.o
 .debug_aranges
                0x00000128       0x28 /tmp/ccOL1G9C.o
 .debug_aranges
                0x00000150       0x58 /tmp/ccD9FpU9.o
 .debug_aranges
                0x000001a8       0x30 /tmp/ccx7QDrz.o
 .debug_aranges
                0x000001d8       0x28 /tmp/cc4Zwaep.o

.debug_rnglists
                0x00000000      0x1fd
 .debug_rnglists
                0x00000000       0x3a /tmp/cc88oHD8.o
 .debug_rnglists
                0x0000003a       0x44 /tmp/ccudI3z0.o
 .debug_rnglists
                0x0000007e       0x31 /tmp/ccCfiLKV.o
 .debug_rnglists
                0x000000af       0x1f /tmp/cck6a6Eo.o
 .debug_rnglists
                0x000000ce       0x55 /tmp/ccDKohZP.o
 .debug_rnglists
                0x00000123       0x19 /tmp/ccOL1G9C.o
 .debug_rnglists
                0x0000013c       0x6e /tmp/ccD9FpU9.o
 .debug_rnglists
                0x000001aa       0x3a /tmp/ccx7QDrz.o
 .debug_rnglists
                0x000001e4       0x19 /tmp/cc4Zwaep.o

.debug_macro    0x00000000    0x17222
 .debug_macro   0x00000000      0x20e /tmp/cc88oHD8.o
 .debug_macro   0x0000020e      0xac6 /tmp/cc88oHD8.o
 .debug_macro   0x00000cd4      0x227 /tmp/cc88oHD8.o
 .debug_macro   0x00000efb       0x2e /tmp/cc88oHD8.o
 .debug_macro   0x00000f29       0x22 /tmp/cc88oHD8.o
 .debug_macro   0x00000f4b       0x22 /tmp/cc88oHD8.o
 .debug_macro   0x00000f6d       0x8e /tmp/cc88oHD8.o
 .debug_macro   0x00000ffb       0x51 /tmp/cc88oHD8.o
 .debug_macro   0x0000104c      0x103 /tmp/cc88oHD8.o
 .debug_macro   0x0000114f       0x6a /tmp/cc88oHD8.o
 .debug_macro   0x000011b9      0x1df /tmp/cc88oHD8.o
 .debug_macro   0x00001398       0x1c /tmp/cc88oHD8.o
 .debug_macro   0x000013b4       0x22 /tmp/cc88oHD8.o
 .debug_macro   0x000013d6       0xbd /tmp/cc88oHD8.o
 .debug_macro   0x00001493      0xd23 /tmp/cc88oHD8.o
 .debug_macro   0x000021b6     0xe09e /tmp/cc88oHD8.o
 .debug_macro   0x00010254       0x6d /tmp/cc88oHD8.o
 .debug_macro   0x000102c1     0x3468 /tmp/cc88oHD8.o
 .debug_macro   0x00013729      0x190 /tmp/cc88oHD8.o
 .debug_macro   0x000138b9       0x5c /tmp/cc88oHD8.o
 .debug_macro   0x00013915      0x5be /tmp/cc88oHD8.o
 .debug_macro   0x00013ed3      0x289 /tmp/cc88oHD8.o
 .debug_macro   0x0001415c      0x1cb /tmp/cc88oHD8.o
 .debug_macro   0x00014327      0x114 /tmp/cc88oHD8.o
 .debug_macro   0x0001443b      0x1b2 /tmp/cc88oHD8.o
 .debug_macro   0x000145ed       0x27 /tmp/cc88oHD8.o
 .debug_macro   0x00014614      0x136 /tmp/cc88oHD8.o
 .debug_macro   0x0001474a      0x1bc /tmp/cc88oHD8.o
 .debug_macro   0x00014906       0x34 /tmp/cc88oHD8.o
 .debug_macro   0x0001493a       0x3c /tmp/cc88oHD8.o
 .debug_macro   0x00014976       0x57 /tmp/cc88oHD8.o
 .debug_macro   0x000149cd      0x46a /tmp/cc88oHD8.o
 .debug_macro   0x00014e37      0x1b5 /tmp/cc88oHD8.o
 .debug_macro   0x00014fec       0x88 /tmp/cc88oHD8.o
 .debug_macro   0x00015074      0x241 /tmp/cc88oHD8.o
 .debug_macro   0x000152b5      0x287 /tmp/cc88oHD8.o
 .debug_macro   0x0001553c      0x141 /tmp/cc88oHD8.o
 .debug_macro   0x0001567d      0x8d1 /tmp/cc88oHD8.o
 .debug_macro   0x00015f4e      0x279 /tmp/cc88oHD8.o
 .debug_macro   0x000161c7       0x83 /tmp/cc88oHD8.o
 .debug_macro   0x0001624a       0x40 /tmp/cc88oHD8.o
 .debug_macro   0x0001628a      0x25a /tmp/cc88oHD8.o
 .debug_macro   0x000164e4      0x20e /tmp/ccudI3z0.o
 .debug_macro   0x000166f2      0x214 /tmp/ccCfiLKV.o
 .debug_macro   0x00016906      0x224 /tmp/cck6a6Eo.o
 .debug_macro   0x00016b2a      0x214 /tmp/ccDKohZP.o
 .debug_macro   0x00016d3e       0xc8 /tmp/ccOL1G9C.o
 .debug_macro   0x00016e06      0x20e /tmp/ccD9FpU9.o
 .debug_macro   0x00017014      0x20e /tmp/ccx7QDrz.o

.debug_line     0x00000000     0x2de0
 .debug_line    0x00000000      0x5c5 /tmp/cc88oHD8.o
 .debug_line    0x000005c5      0x5a3 /tmp/ccudI3z0.o
 .debug_line    0x00000b68      0x5ab /tmp/ccCfiLKV.o
 .debug_line    0x00001113      0x61b /tmp/cck6a6Eo.o
 .debug_line    0x0000172e      0x5cd /tmp/ccDKohZP.o
 .debug_line    0x00001cfb      0x296 /tmp/ccOL1G9C.o
 .debug_line    0x00001f91      0x831 /tmp/ccD9FpU9.o
 .debug_line    0x000027c2      0x5a5 /tmp/ccx7QDrz.o
 .debug_line    0x00002d67       0x79 /tmp/cc4Zwaep.o

.debug_str      0x00000000    0x8b20c
 .debug_str     0x00000000    0x8b20c /tmp/cc88oHD8.o
                              0x8a438 (size before relaxing)
 .debug_str     0x0008b20c    0x8a399 /tmp/ccudI3z0.o
 .debug_str     0x0008b20c    0x8a586 /tmp/ccCfiLKV.o
 .debug_str     0x0008b20c    0x8a25c /tmp/cck6a6Eo.o
 .debug_str     0x0008b20c    0x8a56c /tmp/ccDKohZP.o
 .debug_str     0x0008b20c    0x54767 /tmp/ccOL1G9C.o
 .debug_str     0x0008b20c    0x8ab6a /tmp/ccD9FpU9.o
 .debug_str     0x0008b20c    0x8a4b1 /tmp/ccx7QDrz.o
 .debug_str     0x0008b20c       0x89 /tmp/cc4Zwaep.o

.comment        0x00000000       0x45
 .comment       0x00000000       0x45 /tmp/cc88oHD8.o
                                 0x46 (size before relaxing)
 .comment       0x00000045       0x46 /tmp/ccudI3z0.o
 .comment       0x00000045       0x46 /tmp/ccCfiLKV.o
 .comment       0x00000045       0x46 /tmp/cck6a6Eo.o
 .comment       0x00000045       0x46 /tmp/ccDKohZP.o
 .comment       0x00000045       0x46 /tmp/ccOL1G9C.o
 .comment       0x00000045       0x46 /tmp/ccD9FpU9.o
 .comment       0x00000045       0x46 /tmp/ccx7QDrz.o

.debug_frame    0x00000000      0x40c
 .debug_frame   0x00000000       0x5c /tmp/cc88oHD8.o
 .debug_frame   0x0000005c       0x38 /tmp/ccudI3z0.o
 .debug_frame   0x00000094       0x70 /tmp/ccCfiLKV.o
 .debug_frame   0x00000104       0x58 /tmp/cck6a6Eo.o
 .debug_frame   0x0000015c       0xe8 /tmp/ccDKohZP.o
 .debug_frame   0x00000244       0x30 /tmp/ccOL1G9C.o
 .debug_frame   0x00000274       0xec /tmp/ccD9FpU9.o
 .debug_frame   0x00000360       0x60 /tmp/ccx7QDrz.o
 .debug_frame   0x000003c0       0x2c /usr/bin/../lib/gcc/arm-none-eabi/13.3.1/../../../../arm-none-eabi/lib/thumb/v7-m/nofp/libc_nano.a(libc_a-init.o)
 .debug_frame   0x000003ec       0x20 /usr/bin/../lib/gcc/arm-none-eabi/13.3.1/../../../../arm-none-eabi/lib/thumb/v7-m/nofp/libc_nano.a(libc_a-memset.o)

.debug_line_str
                0x00000000       0x6d
 .debug_line_str
                0x00000000       0x6d /tmp/cc4Zwaep.o
