Archive member included to satisfy reference by file (symbol)

/usr/bin/../lib/gcc/arm-none-eabi/13.3.1/../../../../arm-none-eabi/lib/thumb/v7-m/nofp/libc_nano.a(libc_a-exit.o)
                              /usr/bin/../lib/gcc/arm-none-eabi/13.3.1/../../../../arm-none-eabi/lib/thumb/v7-m/nofp/crt0.o (exit)
/usr/bin/../lib/gcc/arm-none-eabi/13.3.1/../../../../arm-none-eabi/lib/thumb/v7-m/nofp/libc_nano.a(libc_a-errno.o)
                              ./Core/Src/syscalls.o (__errno)
/usr/bin/../lib/gcc/arm-none-eabi/13.3.1/../../../../arm-none-eabi/lib/thumb/v7-m/nofp/libc_nano.a(libc_a-init.o)
                              /usr/bin/../lib/gcc/arm-none-eabi/13.3.1/../../../../arm-none-eabi/lib/thumb/v7-m/nofp/crt0.o (__libc_init_array)
/usr/bin/../lib/gcc/arm-none-eabi/13.3.1/../../../../arm-none-eabi/lib/thumb/v7-m/nofp/libc_nano.a(libc_a-memset.o)
                              /usr/bin/../lib/gcc/arm-none-eabi/13.3.1/../../../../arm-none-eabi/lib/thumb/v7-m/nofp/crt0.o (memset)
/usr/bin/../lib/gcc/arm-none-eabi/13.3.1/../../../../arm-none-eabi/lib/thumb/v7-m/nofp/libc_nano.a(libc_a-impure.o)
                              /usr/bin/../lib/gcc/arm-none-eabi/13.3.1/../../../../arm-none-eabi/lib/thumb/v7-m/nofp/libc_nano.a(libc_a-errno.o) (_impure_ptr)
/usr/bin/../lib/gcc/arm-none-eabi/13.3.1/../../../../arm-none-eabi/lib/thumb/v7-m/nofp/libc_nano.a(libc_a-findfp.o)
                              /usr/bin/../lib/gcc/arm-none-eabi/13.3.1/../../../../arm-none-eabi/lib/thumb/v7-m/nofp/libc_nano.a(libc_a-exit.o) (__stdio_exit_handler)
/usr/bin/../lib/gcc/arm-none-eabi/13.3.1/../../../../arm-none-eabi/lib/thumb/v7-m/nofp/libc_nano.a(libc_a-stdio.o)
                              /usr/bin/../lib/gcc/arm-none-eabi/13.3.1/../../../../arm-none-eabi/lib/thumb/v7-m/nofp/libc_nano.a(libc_a-findfp.o) (__sread)
/usr/bin/../lib/gcc/arm-none-eabi/13.3.1/../../../../arm-none-eabi/lib/thumb/v7-m/nofp/libc_nano.a(libc_a-lseekr.o)
                              /usr/bin/../lib/gcc/arm-none-eabi/13.3.1/../../../../arm-none-eabi/lib/thumb/v7-m/nofp/libc_nano.a(libc_a-stdio.o) (_lseek_r)
/usr/bin/../lib/gcc/arm-none-eabi/13.3.1/../../../../arm-none-eabi/lib/thumb/v7-m/nofp/libc_nano.a(libc_a-readr.o)
                              /usr/bin/../lib/gcc/arm-none-eabi/13.3.1/../../../../arm-none-eabi/lib/thumb/v7-m/nofp/libc_nano.a(libc_a-stdio.o) (_read_r)
/usr/bin/../lib/gcc/arm-none-eabi/13.3.1/../../../../arm-none-eabi/lib/thumb/v7-m/nofp/libc_nano.a(libc_a-fwalk.o)
                              /usr/bin/../lib/gcc/arm-none-eabi/13.3.1/../../../../arm-none-eabi/lib/thumb/v7-m/nofp/libc_nano.a(libc_a-findfp.o) (_fwalk_sglue)
/usr/bin/../lib/gcc/arm-none-eabi/13.3.1/../../../../arm-none-eabi/lib/thumb/v7-m/nofp/libc_nano.a(libc_a-writer.o)
                              /usr/bin/../lib/gcc/arm-none-eabi/13.3.1/../../../../arm-none-eabi/lib/thumb/v7-m/nofp/libc_nano.a(libc_a-stdio.o) (_write_r)
/usr/bin/../lib/gcc/arm-none-eabi/13.3.1/../../../../arm-none-eabi/lib/thumb/v7-m/nofp/libc_nano.a(libc_a-lock.o)
                              /usr/bin/../lib/gcc/arm-none-eabi/13.3.1/../../../../arm-none-eabi/lib/thumb/v7-m/nofp/libc_nano.a(libc_a-findfp.o) (__retarget_lock_init_recursive)
/usr/bin/../lib/gcc/arm-none-eabi/13.3.1/../../../../arm-none-eabi/lib/thumb/v7-m/nofp/libc_nano.a(libc_a-fflush.o)
                              /usr/bin/../lib/gcc/arm-none-eabi/13.3.1/../../../../arm-none-eabi/lib/thumb/v7-m/nofp/libc_nano.a(libc_a-findfp.o) (_fflush_r)
/usr/bin/../lib/gcc/arm-none-eabi/13.3.1/../../../../arm-none-eabi/lib/thumb/v7-m/nofp/libc_nano.a(libc_a-mallocr.o)
                              /usr/bin/../lib/gcc/arm-none-eabi/13.3.1/../../../../arm-none-eabi/lib/thumb/v7-m/nofp/libc_nano.a(libc_a-findfp.o) (_malloc_r)
/usr/bin/../lib/gcc/arm-none-eabi/13.3.1/../../../../arm-none-eabi/lib/thumb/v7-m/nofp/libc_nano.a(libc_a-closer.o)
                              /usr/bin/../lib/gcc/arm-none-eabi/13.3.1/../../../../arm-none-eabi/lib/thumb/v7-m/nofp/libc_nano.a(libc_a-stdio.o) (_close_r)
/usr/bin/../lib/gcc/arm-none-eabi/13.3.1/../../../../arm-none-eabi/lib/thumb/v7-m/nofp/libc_nano.a(libc_a-reent.o)
                              /usr/bin/../lib/gcc/arm-none-eabi/13.3.1/../../../../arm-none-eabi/lib/thumb/v7-m/nofp/libc_nano.a(libc_a-lseekr.o) (errno)
/usr/bin/../lib/gcc/arm-none-eabi/13.3.1/../../../../arm-none-eabi/lib/thumb/v7-m/nofp/libc_nano.a(libc_a-mlock.o)
                              /usr/bin/../lib/gcc/arm-none-eabi/13.3.1/../../../../arm-none-eabi/lib/thumb/v7-m/nofp/libc_nano.a(libc_a-mallocr.o) (__malloc_lock)
/usr/bin/../lib/gcc/arm-none-eabi/13.3.1/../../../../arm-none-eabi/lib/thumb/v7-m/nofp/libc_nano.a(libc_a-sbrkr.o)
                              /usr/bin/../lib/gcc/arm-none-eabi/13.3.1/../../../../arm-none-eabi/lib/thumb/v7-m/nofp/libc_nano.a(libc_a-mallocr.o) (_sbrk_r)
/usr/bin/../lib/gcc/arm-none-eabi/13.3.1/../../../../arm-none-eabi/lib/thumb/v7-m/nofp/libc_nano.a(libc_a-freer.o)
[...]
Memory Configuration

Name             Origin             Length             Attributes
RAM              0x20000000         0x00005000         xrw
FLASH            0x08000000         0x00010000         xr
*default*        0x00000000         0xffffffff

Linker script and memory map

LOAD /usr/bin/../lib/gcc/arm-none-eabi/13.3.1/thumb/v7-m/nofp/crti.o
LOAD /usr/bin/../lib/gcc/arm-none-eabi/13.3.1/thumb/v7-m/nofp/crtbegin.o
LOAD /usr/bin/../lib/gcc/arm-none-eabi/13.3.1/../../../../arm-none-eabi/lib/thumb/v7-m/nofp/crt0.o
LOAD ./Core/Src/adc.o
LOAD ./Core/Src/gpio.o
LOAD ./Core/Src/i2c.o
LOAD ./Core/Src/main.o
LOAD ./Core/Src/stm32f1xx_hal_msp.o
LOAD ./Core/Src/stm32f1xx_it.o
LOAD ./Core/Src/syscalls.o
LOAD ./Core/Src/sysmem.o
LOAD ./Core/Src/system_stm32f1xx.o
LOAD ./Core/Src/tim.o
LOAD ./Core/Src/usart.o
LOAD ./Core/Startup/startup_stm32f103c8tx.o
LOAD ./Drivers/STM32F1xx_HAL_Driver/Src/stm32f1xx_hal.o
LOAD ./Drivers/STM32F1xx_HAL_Driver/Src/stm32f1xx_hal_adc.o
LOAD ./Drivers/STM32F1xx_HAL_Driver/Src/stm32f1xx_hal_adc_ex.o
LOAD ./Drivers/STM32F1xx_HAL_Driver/Src/stm32f1xx_hal_cortex.o
LOAD ./Drivers/STM32F1xx_HAL_Driver/Src/stm32f1xx_hal_dma.o
LOAD ./Drivers/STM32F1xx_HAL_Driver/Src/stm32f1xx_hal_exti.o
LOAD ./Drivers/STM32F1xx_HAL_Driver/Src/stm32f1xx_hal_flash.o
LOAD ./Drivers/STM32F1xx_HAL_Driver/Src/stm32f1xx_hal_flash_ex.o
LOAD ./Drivers/STM32F1xx_HAL_Driver/Src/stm32f1xx_hal_gpio.o
LOAD ./Drivers/STM32F1xx_HAL_Driver/Src/stm32f1xx_hal_gpio_ex.o
LOAD ./Drivers/STM32F1xx_HAL_Driver/Src/stm32f1xx_hal_i2c.o
LOAD ./Drivers/STM32F1xx_HAL_Driver/Src/stm32f1xx_hal_pwr.o
LOAD ./Drivers/STM32F1xx_HAL_Driver/Src/stm32f1xx_hal_rcc.o
LOAD ./Drivers/STM32F1xx_HAL_Driver/Src/stm32f1xx_hal_rcc_ex.o
LOAD ./Drivers/STM32F1xx_HAL_Driver/Src/stm32f1xx_hal_tim.o
LOAD ./Drivers/STM32F1xx_HAL_Driver/Src/stm32f1xx_hal_tim_ex.o
LOAD ./Drivers/STM32F1xx_HAL_Driver/Src/stm32f1xx_hal_uart.o
LOAD ./Hardware/OLED/oled.o
LOAD ./System/delay/delay.o
LOAD ./User/show/show.o
START GROUP
LOAD /usr/bin/../lib/gcc/arm-none-eabi/13.3.1/../../../../arm-none-eabi/lib/thumb/v7-m/nofp/libc_nano.a
LOAD /usr/bin/../lib/gcc/arm-none-eabi/13.3.1/../../../../arm-none-eabi/lib/thumb/v7-m/nofp/libm.a
END GROUP
START GROUP
LOAD /usr/bin/../lib/gcc/arm-none-eabi/13.3.1/thumb/v7-m/nofp/libgcc.a
LOAD /usr/bin/../lib/gcc/arm-none-eabi/13.3.1/../../../../arm-none-eabi/lib/thumb/v7-m/nofp/libc_nano.a
END GROUP
START GROUP
LOAD /usr/bin/../lib/gcc/arm-none-eabi/13.3.1/thumb/v7-m/nofp/libgcc.a
LOAD /usr/bin/../lib/gcc/arm-none-eabi/13.3.1/../../../../arm-none-eabi/lib/thumb/v7-m/nofp/libc_nano.a
LOAD /usr/bin/../lib/gcc/arm-none-eabi/13.3.1/../../../../arm-none-eabi/lib/thumb/v7-m/nofp/libnosys.a
END GROUP
START GROUP
LOAD /usr/bin/../lib/gcc/arm-none-eabi/13.3.1/thumb/v7-m/nofp/libgcc.a
LOAD /usr/bin/../lib/gcc/arm-none-eabi/13.3.1/../../../../arm-none-eabi/lib/thumb/v7-m/nofp/libc_nano.a
LOAD /usr/bin/../lib/gcc/arm-none-eabi/13.3.1/../../../../arm-none-eabi/lib/thumb/v7-m/nofp/libnosys.a
END GROUP
LOAD /usr/bin/../lib/gcc/arm-none-eabi/13.3.1/thumb/v7-m/nofp/crtend.o
LOAD /usr/bin/../lib/gcc/arm-none-eabi/13.3.1/thumb/v7-m/nofp/crtn.o
                0x20005000                        _estack = (ORIGIN (RAM) + LENGTH (RAM))
                0x00000200                        _Min_Heap_Size = 0x200
                0x00000400                        _Min_Stack_Size = 0x400

.isr_vector     0x08000000      0x10c
                0x08000000                        . = ALIGN (0x4)
 *(.isr_vector)
 .isr_vector    0x08000000      0x10c ./Core/Startup/startup_stm32f103c8tx.o
                0x08000000                g_pfnVectors
                0x0800010c                        . = ALIGN (0x4)

.text           0x0800010c     0x3648
                0x0800010c                        . = ALIGN (0x4)
 *(.text)
 *(.text*)
 .text.deregister_tm_clones
                0x0800010c       0x1c /usr/bin/../lib/gcc/arm-none-eabi/13.3.1/thumb/v7-m/nofp/crtbegin.o
 .text.register_tm_clones
                0x08000128       0x24 /usr/bin/../lib/gcc/arm-none-eabi/13.3.1/thumb/v7-m/nofp/crtbegin.o
 .text.__do_global_dtors_aux
                0x0800014c       0x28 /usr/bin/../lib/gcc/arm-none-eabi/13.3.1/thumb/v7-m/nofp/crtbegin.o
 .text.frame_dummy
                0x08000174       0x24 /usr/bin/../lib/gcc/arm-none-eabi/13.3.1/thumb/v7-m/nofp/crtbegin.o
 .text.MX_ADC1_Init
                0x08000198       0x7c ./Core/Src/adc.o
                0x08000198                MX_ADC1_Init
 .text.HAL_ADC_MspInit
                0x08000214       0x78 ./Core/Src/adc.o
                0x08000214                HAL_ADC_MspInit
 .text.MX_GPIO_Init
                0x0800028c      0x15c ./Core/Src/gpio.o
                0x0800028c                MX_GPIO_Init
 .text.MX_I2C1_Init
                0x080003e8       0x5c ./Core/Src/i2c.o
                0x080003e8                MX_I2C1_Init
 .text.HAL_I2C_MspInit
                0x08000444       0xa0 ./Core/Src/i2c.o
                0x08000444                HAL_I2C_MspInit
 .text.main     0x080004e4       0x38 ./Core/Src/main.o
                0x080004e4                main
 .text.SystemClock_Config
                0x0800051c       0xb6 ./Core/Src/main.o
                0x0800051c                SystemClock_Config
 .text.Error_Handler
                0x080005d2        0xc ./Core/Src/main.o
                0x080005d2                Error_Handler
 *fill*         0x080005de        0x2 
 .text.HAL_MspInit
                0x080005e0       0x68 ./Core/Src/stm32f1xx_hal_msp.o
                0x080005e0                HAL_MspInit
 .text.NMI_Handler
                0x08000648        0x8 ./Core/Src/stm32f1xx_it.o
                0x08000648                NMI_Handler
 .text.HardFault_Handler
                0x08000650        0x8 ./Core/Src/stm32f1xx_it.o
                0x08000650                HardFault_Handler
 .text.MemManage_Handler
                0x08000658        0x8 ./Core/Src/stm32f1xx_it.o
                0x08000658                MemManage_Handler
 .text.BusFault_Handler
                0x08000660        0x8 ./Core/Src/stm32f1xx_it.o
                0x08000660                BusFault_Handler
 .text.UsageFault_Handler
                0x08000668        0x8 ./Core/Src/stm32f1xx_it.o
                0x08000668                UsageFault_Handler
 .text.SVC_Handler
                0x08000670        0xc ./Core/Src/stm32f1xx_it.o
                0x08000670                SVC_Handler
 .text.DebugMon_Handler
                0x0800067c        0xc ./Core/Src/stm32f1xx_it.o
                0x0800067c                DebugMon_Handler
 .text.PendSV_Handler
                0x08000688        0xc ./Core/Src/stm32f1xx_it.o
                0x08000688                PendSV_Handler
 .text.SysTick_Handler
                0x08000694        0xc ./Core/Src/stm32f1xx_it.o
                0x08000694                SysTick_Handler
 .text.EXTI9_5_IRQHandler
                0x080006a0       0x14 ./Core/Src/stm32f1xx_it.o
                0x080006a0                EXTI9_5_IRQHandler
 .text.TIM1_UP_IRQHandler
                0x080006b4       0x14 ./Core/Src/stm32f1xx_it.o
                0x080006b4                TIM1_UP_IRQHandler
 .text.EXTI15_10_IRQHandler
                0x080006c8       0x18 ./Core/Src/stm32f1xx_it.o
                0x080006c8                EXTI15_10_IRQHandler
 .text.SystemInit
                0x080006e0        0xc ./Core/Src/system_stm32f1xx.o
                0x080006e0                SystemInit
 .text.MX_TIM1_Init
                0x080006ec       0xa0 ./Core/Src/tim.o
                0x080006ec                MX_TIM1_Init
 .text.MX_TIM3_Init
                0x0800078c       0xec ./Core/Src/tim.o
                0x0800078c                MX_TIM3_Init
 .text.MX_TIM4_Init
                0x08000878       0xa8 ./Core/Src/tim.o
                0x08000878                MX_TIM4_Init
 .text.HAL_TIM_Base_MspInit
                0x08000920       0x74 ./Core/Src/tim.o
                0x08000920                HAL_TIM_Base_MspInit
 .text.HAL_TIM_Encoder_MspInit
                0x08000994       0x7c ./Core/Src/tim.o
                0x08000994                HAL_TIM_Encoder_MspInit
 .text.HAL_TIM_MspPostInit
                0x08000a10       0x64 ./Core/Src/tim.o
                0x08000a10                HAL_TIM_MspPostInit
 .text.MX_USART1_UART_Init
                0x08000a74       0x54 ./Core/Src/usart.o
                0x08000a74                MX_USART1_UART_Init
 .text.HAL_UART_MspInit
                0x08000ac8       0x98 ./Core/Src/usart.o
                0x08000ac8                HAL_UART_MspInit
 .text.Reset_Handler
                0x08000b60       0x48 ./Core/Startup/startup_stm32f103c8tx.o
                0x08000b60                Reset_Handler
 .text.Default_Handler
                0x08000ba8        0x2 ./Core/Startup/startup_stm32f103c8tx.o
                0x08000ba8                RTC_Alarm_IRQHandler
                0x08000ba8                EXTI2_IRQHandler
                0x08000ba8                TIM1_CC_IRQHandler
                0x08000ba8                PVD_IRQHandler
                0x08000ba8                EXTI3_IRQHandler
                0x08000ba8                EXTI0_IRQHandler
                0x08000ba8                I2C2_EV_IRQHandler
                0x08000ba8                ADC1_2_IRQHandler
                0x08000ba8                SPI1_IRQHandler
                0x08000ba8                TAMPER_IRQHandler
                0x08000ba8                DMA1_Channel4_IRQHandler
                0x08000ba8                USART3_IRQHandler
                0x08000ba8                RTC_IRQHandler
                0x08000ba8                DMA1_Channel7_IRQHandler
                0x08000ba8                CAN1_RX1_IRQHandler
                0x08000ba8                TIM4_IRQHandler
                0x08000ba8                I2C1_EV_IRQHandler
                0x08000ba8                DMA1_Channel6_IRQHandler
                0x08000ba8                TIM3_IRQHandler
                0x08000ba8                RCC_IRQHandler
                0x08000ba8                TIM1_TRG_COM_IRQHandler
                0x08000ba8                DMA1_Channel1_IRQHandler
                0x08000ba8                Default_Handler
                0x08000ba8                SPI2_IRQHandler
                0x08000ba8                DMA1_Channel5_IRQHandler
                0x08000ba8                EXTI4_IRQHandler
                0x08000ba8                USB_LP_CAN1_RX0_IRQHandler
                0x08000ba8                USB_HP_CAN1_TX_IRQHandler
                0x08000ba8                DMA1_Channel3_IRQHandler
                0x08000ba8                WWDG_IRQHandler
                0x08000ba8                TIM2_IRQHandler
                0x08000ba8                TIM1_BRK_IRQHandler
                0x08000ba8                EXTI1_IRQHandler
                0x08000ba8                USART2_IRQHandler
                0x08000ba8                I2C2_ER_IRQHandler
                0x08000ba8                DMA1_Channel2_IRQHandler
                0x08000ba8                CAN1_SCE_IRQHandler
                0x08000ba8                FLASH_IRQHandler
                0x08000ba8                USART1_IRQHandler
                0x08000ba8                I2C1_ER_IRQHandler
                0x08000ba8                USBWakeUp_IRQHandler
 *fill*         0x08000baa        0x2 
 .text.HAL_Init
                0x08000bac       0x2c ./Drivers/STM32F1xx_HAL_Driver/Src/stm32f1xx_hal.o
                0x08000bac                HAL_Init
 .text.HAL_InitTick
                0x08000bd8       0x60 ./Drivers/STM32F1xx_HAL_Driver/Src/stm32f1xx_hal.o
                0x08000bd8                HAL_InitTick
 .text.HAL_IncTick
                0x08000c38       0x24 ./Drivers/STM32F1xx_HAL_Driver/Src/stm32f1xx_hal.o
                0x08000c38                HAL_IncTick
 .text.HAL_GetTick
                0x08000c5c       0x14 ./Drivers/STM32F1xx_HAL_Driver/Src/stm32f1xx_hal.o
                0x08000c5c                HAL_GetTick
 .text.HAL_ADC_Init
                0x08000c70      0x1b0 ./Drivers/STM32F1xx_HAL_Driver/Src/stm32f1xx_hal_adc.o
                0x08000c70                HAL_ADC_Init
 .text.HAL_ADC_ConfigChannel
                0x08000e20      0x1f0 ./Drivers/STM32F1xx_HAL_Driver/Src/stm32f1xx_hal_adc.o
                0x08000e20                HAL_ADC_ConfigChannel
 .text.ADC_ConversionStop_Disable
                0x08001010       0x82 ./Drivers/STM32F1xx_HAL_Driver/Src/stm32f1xx_hal_adc.o
                0x08001010                ADC_ConversionStop_Disable
 *fill*         0x08001092        0x2 
 .text.__NVIC_SetPriorityGrouping
                0x08001094       0x48 ./Drivers/STM32F1xx_HAL_Driver/Src/stm32f1xx_hal_cortex.o
 .text.__NVIC_GetPriorityGrouping
                0x080010dc       0x1c ./Drivers/STM32F1xx_HAL_Driver/Src/stm32f1xx_hal_cortex.o
 .text.__NVIC_EnableIRQ
                0x080010f8       0x38 ./Drivers/STM32F1xx_HAL_Driver/Src/stm32f1xx_hal_cortex.o
 .text.__NVIC_SetPriority
                0x08001130       0x54 ./Drivers/STM32F1xx_HAL_Driver/Src/stm32f1xx_hal_cortex.o
 .text.NVIC_EncodePriority
                0x08001184       0x64 ./Drivers/STM32F1xx_HAL_Driver/Src/stm32f1xx_hal_cortex.o
 .text.SysTick_Config
                0x080011e8       0x44 ./Drivers/STM32F1xx_HAL_Driver/Src/stm32f1xx_hal_cortex.o
 .text.HAL_NVIC_SetPriorityGrouping
                0x0800122c       0x16 ./Drivers/STM32F1xx_HAL_Driver/Src/stm32f1xx_hal_cortex.o
                0x0800122c                HAL_NVIC_SetPriorityGrouping
 .text.HAL_NVIC_SetPriority
                0x08001242       0x38 ./Drivers/STM32F1xx_HAL_Driver/Src/stm32f1xx_hal_cortex.o
                0x08001242                HAL_NVIC_SetPriority
 .text.HAL_NVIC_EnableIRQ
                0x0800127a       0x1c ./Drivers/STM32F1xx_HAL_Driver/Src/stm32f1xx_hal_cortex.o
                0x0800127a                HAL_NVIC_EnableIRQ
 .text.HAL_SYSTICK_Config
                0x08001296       0x18 ./Drivers/STM32F1xx_HAL_Driver/Src/stm32f1xx_hal_cortex.o
                0x08001296                HAL_SYSTICK_Config
 *fill*         0x080012ae        0x2 
 .text.HAL_GPIO_Init
                0x080012b0      0x308 ./Drivers/STM32F1xx_HAL_Driver/Src/stm32f1xx_hal_gpio.o
                0x080012b0                HAL_GPIO_Init
 .text.HAL_GPIO_WritePin
                0x080015b8       0x30 ./Drivers/STM32F1xx_HAL_Driver/Src/stm32f1xx_hal_gpio.o
                0x080015b8                HAL_GPIO_WritePin
 .text.HAL_GPIO_EXTI_IRQHandler
                0x080015e8       0x30 ./Drivers/STM32F1xx_HAL_Driver/Src/stm32f1xx_hal_gpio.o
                0x080015e8                HAL_GPIO_EXTI_IRQHandler
 .text.HAL_GPIO_EXTI_Callback
                0x08001618       0x14 ./Drivers/STM32F1xx_HAL_Driver/Src/stm32f1xx_hal_gpio.o
                0x08001618                HAL_GPIO_EXTI_Callback
 .text.HAL_I2C_Init
                0x0800162c      0x288 ./Drivers/STM32F1xx_HAL_Driver/Src/stm32f1xx_hal_i2c.o
                0x0800162c                HAL_I2C_Init
 .text.HAL_RCC_OscConfig
                0x080018b4      0x504 ./Drivers/STM32F1xx_HAL_Driver/Src/stm32f1xx_hal_rcc.o
                0x080018b4                HAL_RCC_OscConfig
 .text.HAL_RCC_ClockConfig
                0x08001db8      0x1d4 ./Drivers/STM32F1xx_HAL_Driver/Src/stm32f1xx_hal_rcc.o
                0x08001db8                HAL_RCC_ClockConfig
 .text.HAL_RCC_GetSysClockFreq
                0x08001f8c       0xbc ./Drivers/STM32F1xx_HAL_Driver/Src/stm32f1xx_hal_rcc.o
                0x08001f8c                HAL_RCC_GetSysClockFreq
 .text.HAL_RCC_GetHCLKFreq
                0x08002048       0x14 ./Drivers/STM32F1xx_HAL_Driver/Src/stm32f1xx_hal_rcc.o
                0x08002048                HAL_RCC_GetHCLKFreq
 .text.HAL_RCC_GetPCLK1Freq
                0x0800205c       0x28 ./Drivers/STM32F1xx_HAL_Driver/Src/stm32f1xx_hal_rcc.o
                0x0800205c                HAL_RCC_GetPCLK1Freq
 .text.HAL_RCC_GetPCLK2Freq
                0x08002084       0x28 ./Drivers/STM32F1xx_HAL_Driver/Src/stm32f1xx_hal_rcc.o
                0x08002084                HAL_RCC_GetPCLK2Freq
 .text.RCC_Delay
                0x080020ac       0x3c ./Drivers/STM32F1xx_HAL_Driver/Src/stm32f1xx_hal_rcc.o
 .text.HAL_RCCEx_PeriphCLKConfig
                0x080020e8      0x16c ./Drivers/STM32F1xx_HAL_Driver/Src/stm32f1xx_hal_rcc_ex.o
                0x080020e8                HAL_RCCEx_PeriphCLKConfig
 .text.HAL_TIM_Base_Init
                0x08002254       0x9e ./Drivers/STM32F1xx_HAL_Driver/Src/stm32f1xx_hal_tim.o
                0x08002254                HAL_TIM_Base_Init
 .text.HAL_TIM_PWM_Init
                0x080022f2       0x9e ./Drivers/STM32F1xx_HAL_Driver/Src/stm32f1xx_hal_tim.o
                0x080022f2                HAL_TIM_PWM_Init
 .text.HAL_TIM_PWM_MspInit
                0x08002390       0x12 ./Drivers/STM32F1xx_HAL_Driver/Src/stm32f1xx_hal_tim.o
                0x08002390                HAL_TIM_PWM_MspInit
 .text.HAL_TIM_Encoder_Init
                0x080023a2      0x144 ./Drivers/STM32F1xx_HAL_Driver/Src/stm32f1xx_hal_tim.o
                0x080023a2                HAL_TIM_Encoder_Init
 .text.HAL_TIM_IRQHandler
                0x080024e6      0x210 ./Drivers/STM32F1xx_HAL_Driver/Src/stm32f1xx_hal_tim.o
                0x080024e6                HAL_TIM_IRQHandler
 *fill*         0x080026f6        0x2 
 .text.HAL_TIM_PWM_ConfigChannel
                0x080026f8      0x17c ./Drivers/STM32F1xx_HAL_Driver/Src/stm32f1xx_hal_tim.o
                0x080026f8                HAL_TIM_PWM_ConfigChannel
 .text.HAL_TIM_ConfigClockSource
                0x08002874      0x188 ./Drivers/STM32F1xx_HAL_Driver/Src/stm32f1xx_hal_tim.o
                0x08002874                HAL_TIM_ConfigClockSource
 .text.HAL_TIM_PeriodElapsedCallback
                0x080029fc       0x12 ./Drivers/STM32F1xx_HAL_Driver/Src/stm32f1xx_hal_tim.o
                0x080029fc                HAL_TIM_PeriodElapsedCallback
 .text.HAL_TIM_OC_DelayElapsedCallback
                0x08002a0e       0x12 ./Drivers/STM32F1xx_HAL_Driver/Src/stm32f1xx_hal_tim.o
                0x08002a0e                HAL_TIM_OC_DelayElapsedCallback
 .text.HAL_TIM_IC_CaptureCallback
                0x08002a20       0x12 ./Drivers/STM32F1xx_HAL_Driver/Src/stm32f1xx_hal_tim.o
                0x08002a20                HAL_TIM_IC_CaptureCallback
 .text.HAL_TIM_PWM_PulseFinishedCallback
                0x08002a32       0x12 ./Drivers/STM32F1xx_HAL_Driver/Src/stm32f1xx_hal_tim.o
                0x08002a32                HAL_TIM_PWM_PulseFinishedCallback
 .text.HAL_TIM_TriggerCallback
                0x08002a44       0x12 ./Drivers/STM32F1xx_HAL_Driver/Src/stm32f1xx_hal_tim.o
                0x08002a44                HAL_TIM_TriggerCallback
 *fill*         0x08002a56        0x2 
 .text.TIM_Base_SetConfig
                0x08002a58       0xc4 ./Drivers/STM32F1xx_HAL_Driver/Src/stm32f1xx_hal_tim.o
                0x08002a58                TIM_Base_SetConfig
 .text.TIM_OC1_SetConfig
                0x08002b1c       0xcc ./Drivers/STM32F1xx_HAL_Driver/Src/stm32f1xx_hal_tim.o
 .text.TIM_OC2_SetConfig
                0x08002be8       0xd4 ./Drivers/STM32F1xx_HAL_Driver/Src/stm32f1xx_hal_tim.o
                0x08002be8                TIM_OC2_SetConfig
 .text.TIM_OC3_SetConfig
                0x08002cbc       0xd4 ./Drivers/STM32F1xx_HAL_Driver/Src/stm32f1xx_hal_tim.o
 .text.TIM_OC4_SetConfig
                0x08002d90       0x9c ./Drivers/STM32F1xx_HAL_Driver/Src/stm32f1xx_hal_tim.o
 .text.TIM_TI1_ConfigInputStage
                0x08002e2c       0x5c ./Drivers/STM32F1xx_HAL_Driver/Src/stm32f1xx_hal_tim.o
 .text.TIM_TI2_ConfigInputStage
                0x08002e88       0x5e ./Drivers/STM32F1xx_HAL_Driver/Src/stm32f1xx_hal_tim.o
 .text.TIM_ITRx_SetConfig
                0x08002ee6       0x34 ./Drivers/STM32F1xx_HAL_Driver/Src/stm32f1xx_hal_tim.o
 .text.TIM_ETR_SetConfig
                0x08002f1a       0x3e ./Drivers/STM32F1xx_HAL_Driver/Src/stm32f1xx_hal_tim.o
                0x08002f1a                TIM_ETR_SetConfig
 .text.HAL_TIMEx_MasterConfigSynchronization
                0x08002f58       0xbc ./Drivers/STM32F1xx_HAL_Driver/Src/stm32f1xx_hal_tim_ex.o
                0x08002f58                HAL_TIMEx_MasterConfigSynchronization
 .text.HAL_TIMEx_CommutCallback
                0x08003014       0x12 ./Drivers/STM32F1xx_HAL_Driver/Src/stm32f1xx_hal_tim_ex.o
                0x08003014                HAL_TIMEx_CommutCallback
 .text.HAL_TIMEx_BreakCallback
                0x08003026       0x12 ./Drivers/STM32F1xx_HAL_Driver/Src/stm32f1xx_hal_tim_ex.o
                0x08003026                HAL_TIMEx_BreakCallback
 .text.HAL_UART_Init
                0x08003038       0x9a ./Drivers/STM32F1xx_HAL_Driver/Src/stm32f1xx_hal_uart.o
                0x08003038                HAL_UART_Init
 *fill*         0x080030d2        0x2 
 .text.UART_SetConfig
                0x080030d4      0x11c ./Drivers/STM32F1xx_HAL_Driver/Src/stm32f1xx_hal_uart.o
 .text.OLED_Refresh_Gram
                0x080031f0       0x70 ./Hardware/OLED/oled.o
                0x080031f0                OLED_Refresh_Gram
 .text.OLED_WR_Byte
                0x08003260       0x7c ./Hardware/OLED/oled.o
                0x08003260                OLED_WR_Byte
 .text.OLED_Clear
                0x080032dc       0x4c ./Hardware/OLED/oled.o
                0x080032dc                OLED_Clear
 .text.OLED_DrawPoint
                0x08003328       0xb0 ./Hardware/OLED/oled.o
                0x08003328                OLED_DrawPoint
 .text.OLED_ShowChar
                0x080033d8       0xe4 ./Hardware/OLED/oled.o
                0x080033d8                OLED_ShowChar
 .text.OLED_ShowString
                0x080034bc       0x64 ./Hardware/OLED/oled.o
                0x080034bc                OLED_ShowString
 .text.OLED_Init
                0x08003520      0x148 ./Hardware/OLED/oled.o
                0x08003520                OLED_Init
 .text.delay_ms
                0x08003668       0x60 ./System/delay/delay.o
                0x08003668                delay_ms
 .text.oled_show
                0x080036c8       0x1c ./User/show/show.o
                0x080036c8                oled_show
 .text.__libc_init_array
                0x080036e4       0x48 /usr/bin/../lib/gcc/arm-none-eabi/13.3.1/../../../../arm-none-eabi/lib/thumb/v7-m/nofp/libc_nano.a(libc_a-init.o)
                0x080036e4                __libc_init_array
 .text.memset   0x0800372c       0x10 /usr/bin/../lib/gcc/arm-none-eabi/13.3.1/../../../../arm-none-eabi/lib/thumb/v7-m/nofp/libc_nano.a(libc_a-memset.o)
                0x0800372c                memset
 *(.glue_7)
 .glue_7        0x0800373c        0x0 linker stubs
 *(.glue_7t)
 .glue_7t       0x0800373c        0x0 linker stubs
 *(.eh_frame)
 .eh_frame      0x0800373c        0x0 /usr/bin/../lib/gcc/arm-none-eabi/13.3.1/thumb/v7-m/nofp/crtbegin.o
 *(.init)
 .init          0x0800373c        0x4 /usr/bin/../lib/gcc/arm-none-eabi/13.3.1/thumb/v7-m/nofp/crti.o
                0x0800373c                _init
 .init          0x08003740        0x8 /usr/bin/../lib/gcc/arm-none-eabi/13.3.1/thumb/v7-m/nofp/crtn.o
 *(.fini)
 .fini          0x08003748        0x4 /usr/bin/../lib/gcc/arm-none-eabi/13.3.1/thumb/v7-m/nofp/crti.o
                0x08003748                _fini
 .fini          0x0800374c        0x8 /usr/bin/../lib/gcc/arm-none-eabi/13.3.1/thumb/v7-m/nofp/crtn.o
                0x08003754                        . = ALIGN (0x4)
                0x08003754                        _etext = .

.vfp11_veneer   0x08003754        0x0
 .vfp11_veneer  0x08003754        0x0 linker stubs

.v4_bx          0x08003754        0x0
 .v4_bx         0x08003754        0x0 linker stubs

.iplt           0x08003754        0x0
 .iplt          0x08003754        0x0 /usr/bin/../lib/gcc/arm-none-eabi/13.3.1/thumb/v7-m/nofp/crtbegin.o

.rodata         0x08003754      0xa94
                0x08003754                        . = ALIGN (0x4)
 *(.rodata)
 .rodata        0x08003754       0x10 ./Drivers/STM32F1xx_HAL_Driver/Src/stm32f1xx_hal_rcc.o
 .rodata        0x08003764        0x5 ./User/show/show.o
 *(.rodata*)
 *fill*         0x08003769        0x3 
 .rodata.AHBPrescTable
                0x0800376c       0x10 ./Core/Src/system_stm32f1xx.o
                0x0800376c                AHBPrescTable
 .rodata.APBPrescTable
                0x0800377c        0x8 ./Core/Src/system_stm32f1xx.o
                0x0800377c                APBPrescTable
 .rodata.oled_asc2_1206
                0x08003784      0x474 ./Hardware/OLED/oled.o
                0x08003784                oled_asc2_1206
 .rodata.oled_asc2_1608
                0x08003bf8      0x5f0 ./Hardware/OLED/oled.o
                0x08003bf8                oled_asc2_1608
                0x080041e8                        . = ALIGN (0x4)

.rel.dyn        0x080041e8        0x0
 .rel.iplt      0x080041e8        0x0 /usr/bin/../lib/gcc/arm-none-eabi/13.3.1/thumb/v7-m/nofp/crtbegin.o

.ARM.extab      0x080041e8        0x0
                0x080041e8                        . = ALIGN (0x4)
 *(.ARM.extab* .gnu.linkonce.armextab.*)
                0x080041e8                        . = ALIGN (0x4)

.ARM            0x080041e8        0x0
                0x080041e8                        . = ALIGN (0x4)
                0x080041e8                        __exidx_start = .
 *(.ARM.exidx*)
                0x080041e8                        __exidx_end = .
                0x080041e8                        . = ALIGN (0x4)

.preinit_array  0x080041e8        0x0
                0x080041e8                        . = ALIGN (0x4)
                0x080041e8                        PROVIDE (__preinit_array_start = .)
 *(.preinit_array*)
                0x080041e8                        PROVIDE (__preinit_array_end = .)
                0x080041e8                        . = ALIGN (0x4)

.init_array     0x080041e8        0x4
                0x080041e8                        . = ALIGN (0x4)
                0x080041e8                        PROVIDE (__init_array_start = .)
 *(SORT_BY_NAME(.init_array.*))
 *(.init_array*)
 .init_array    0x080041e8        0x4 /usr/bin/../lib/gcc/arm-none-eabi/13.3.1/thumb/v7-m/nofp/crtbegin.o
                0x080041ec                        PROVIDE (__init_array_end = .)
                0x080041ec                        . = ALIGN (0x4)

.fini_array     0x080041ec        0x4
                0x080041ec                        . = ALIGN (0x4)
                [!provide]                        PROVIDE (__fini_array_start = .)
 *(SORT_BY_NAME(.fini_array.*))
 *(.fini_array*)
 .fini_array    0x080041ec        0x4 /usr/bin/../lib/gcc/arm-none-eabi/13.3.1/thumb/v7-m/nofp/crtbegin.o
                [!provide]                        PROVIDE (__fini_array_end = .)
                0x080041f0                        . = ALIGN (0x4)
                0x080041f0                        _sidata = LOADADDR (.data)

.data           0x20000000        0xc load address 0x080041f0
                0x20000000                        . = ALIGN (0x4)
                0x20000000                        _sdata = .
 *(.data)
 *(.data*)
 .data.SystemCoreClock
                0x20000000        0x4 ./Core/Src/system_stm32f1xx.o
                0x20000000                SystemCoreClock
 .data.uwTickPrio
                0x20000004        0x4 ./Drivers/STM32F1xx_HAL_Driver/Src/stm32f1xx_hal.o
                0x20000004                uwTickPrio
 .data.uwTickFreq
                0x20000008        0x1 ./Drivers/STM32F1xx_HAL_Driver/Src/stm32f1xx_hal.o
                0x20000008                uwTickFreq
 *(.RamFunc)
 *(.RamFunc*)
                0x2000000c                        . = ALIGN (0x4)
 *fill*         0x20000009        0x3 
                0x2000000c                        _edata = .

.tm_clone_table
                0x2000000c        0x0 load address 0x080041fc
 .tm_clone_table
                0x2000000c        0x0 /usr/bin/../lib/gcc/arm-none-eabi/13.3.1/thumb/v7-m/nofp/crtbegin.o
 .tm_clone_table
                0x2000000c        0x0 /usr/bin/../lib/gcc/arm-none-eabi/13.3.1/thumb/v7-m/nofp/crtend.o

.igot.plt       0x2000000c        0x0 load address 0x080041fc
 .igot.plt      0x2000000c        0x0 /usr/bin/../lib/gcc/arm-none-eabi/13.3.1/thumb/v7-m/nofp/crtbegin.o
                0x2000000c                        . = ALIGN (0x4)

.bss            0x2000000c      0x5c4 load address 0x080041fc
                0x2000000c                        _sbss = .
                0x2000000c                        __bss_start__ = _sbss
 *(.bss)
 *(.bss*)
 .bss.completed.1
                0x2000000c        0x1 /usr/bin/../lib/gcc/arm-none-eabi/13.3.1/thumb/v7-m/nofp/crtbegin.o
 *fill*         0x2000000d        0x3 
 .bss.object.0  0x20000010       0x18 /usr/bin/../lib/gcc/arm-none-eabi/13.3.1/thumb/v7-m/nofp/crtbegin.o
 .bss.hadc1     0x20000028       0x30 ./Core/Src/adc.o
                0x20000028                hadc1
 .bss.hi2c1     0x20000058       0x54 ./Core/Src/i2c.o
                0x20000058                hi2c1
 .bss.htim1     0x200000ac       0x48 ./Core/Src/tim.o
                0x200000ac                htim1
 .bss.htim3     0x200000f4       0x48 ./Core/Src/tim.o
                0x200000f4                htim3
 .bss.htim4     0x2000013c       0x48 ./Core/Src/tim.o
                0x2000013c                htim4
 .bss.huart1    0x20000184       0x44 ./Core/Src/usart.o
                0x20000184                huart1
 .bss.uwTick    0x200001c8        0x4 ./Drivers/STM32F1xx_HAL_Driver/Src/stm32f1xx_hal.o
                0x200001c8                uwTick
 .bss.OLED_GRAM
                0x200001cc      0x400 ./Hardware/OLED/oled.o
                0x200001cc                OLED_GRAM
 .bss.fac_ms    0x200005cc        0x2 ./System/delay/delay.o
 *(COMMON)
                0x200005d0                        . = ALIGN (0x4)
 *fill*         0x200005ce        0x2 
                0x200005d0                        _ebss = .
                0x200005d0                        __bss_end__ = _ebss

._user_heap_stack
                0x200005d0      0x600 load address 0x080041fc
                0x200005d0                        . = ALIGN (0x8)
                [!provide]                        PROVIDE (end = .)
                0x200005d0                        PROVIDE (_end = .)
                0x200007d0                        . = (. + _Min_Heap_Size)
 *fill*         0x200005d0      0x200 
                0x20000bd0                        . = (. + _Min_Stack_Size)
 *fill*         0x200007d0      0x400 
                0x20000bd0                        . = ALIGN (0x8)

/DISCARD/
 libc.a(*)
 libm.a(*)
 libgcc.a(*)

.ARM.attributes
                0x00000000       0x29
 *(.ARM.attributes)
 .ARM.attributes
                0x00000000       0x1d /usr/bin/../lib/gcc/arm-none-eabi/13.3.1/thumb/v7-m/nofp/crti.o
 .ARM.attributes
                0x0000001d       0x2d /usr/bin/../lib/gcc/arm-none-eabi/13.3.1/thumb/v7-m/nofp/crtbegin.o
 .ARM.attributes
                0x0000004a       0x2d ./Core/Src/adc.o
 .ARM.attributes
                0x00000077       0x2d ./Core/Src/gpio.o
 .ARM.attributes
                0x000000a4       0x2d ./Core/Src/i2c.o
 .ARM.attributes
                0x000000d1       0x2d ./Core/Src/main.o
 .ARM.attributes
                0x000000fe       0x2d ./Core/Src/stm32f1xx_hal_msp.o
 .ARM.attributes
                0x0000012b       0x2d ./Core/Src/stm32f1xx_it.o
 .ARM.attributes
                0x00000158       0x2d ./Core/Src/system_stm32f1xx.o
 .ARM.attributes
                0x00000185       0x2d ./Core/Src/tim.o
 .ARM.attributes
                0x000001b2       0x2d ./Core/Src/usart.o
 .ARM.attributes
                0x000001df       0x21 ./Core/Startup/startup_stm32f103c8tx.o
 .ARM.attributes
                0x00000200       0x2d ./Drivers/STM32F1xx_HAL_Driver/Src/stm32f1xx_hal.o
 .ARM.attributes
                0x0000022d       0x2d ./Drivers/STM32F1xx_HAL_Driver/Src/stm32f1xx_hal_adc.o
 .ARM.attributes
                0x0000025a       0x2d ./Drivers/STM32F1xx_HAL_Driver/Src/stm32f1xx_hal_cortex.o
 .ARM.attributes
                0x00000287       0x2d ./Drivers/STM32F1xx_HAL_Driver/Src/stm32f1xx_hal_gpio.o
 .ARM.attributes
                0x000002b4       0x2d ./Drivers/STM32F1xx_HAL_Driver/Src/stm32f1xx_hal_i2c.o
 .ARM.attributes
                0x000002e1       0x2d ./Drivers/STM32F1xx_HAL_Driver/Src/stm32f1xx_hal_rcc.o
 .ARM.attributes
                0x0000030e       0x2d ./Drivers/STM32F1xx_HAL_Driver/Src/stm32f1xx_hal_rcc_ex.o
 .ARM.attributes
                0x0000033b       0x2d ./Drivers/STM32F1xx_HAL_Driver/Src/stm32f1xx_hal_tim.o
 .ARM.attributes
                0x00000368       0x2d ./Drivers/STM32F1xx_HAL_Driver/Src/stm32f1xx_hal_tim_ex.o
 .ARM.attributes
                0x00000395       0x2d ./Drivers/STM32F1xx_HAL_Driver/Src/stm32f1xx_hal_uart.o
 .ARM.attributes
                0x000003c2       0x2d ./Hardware/OLED/oled.o
 .ARM.attributes
                0x000003ef       0x2d ./System/delay/delay.o
 .ARM.attributes
                0x0000041c       0x2d ./User/show/show.o
 .ARM.attributes
                0x00000449       0x2d /usr/bin/../lib/gcc/arm-none-eabi/13.3.1/../../../../arm-none-eabi/lib/thumb/v7-m/nofp/libc_nano.a(libc_a-init.o)
 .ARM.attributes
                0x00000476       0x2d /usr/bin/../lib/gcc/arm-none-eabi/13.3.1/../../../../arm-none-eabi/lib/thumb/v7-m/nofp/libc_nano.a(libc_a-memset.o)
 .ARM.attributes
                0x000004a3       0x2d /usr/bin/../lib/gcc/arm-none-eabi/13.3.1/thumb/v7-m/nofp/crtend.o
 .ARM.attributes
                0x000004d0       0x1d /usr/bin/../lib/gcc/arm-none-eabi/13.3.1/thumb/v7-m/nofp/crtn.o
OUTPUT(InvertedPendulum.elf elf32-littlearm)
LOAD linker stubs
LOAD /usr/bin/../lib/gcc/arm-none-eabi/13.3.1/../../../../arm-none-eabi/lib/thumb/v7-m/nofp/libc.a
LOAD /usr/bin/../lib/gcc/arm-none-eabi/13.3.1/../../../../arm-none-eabi/lib/thumb/v7-m/nofp/libm.a
LOAD /usr/bin/../lib/gcc/arm-none-eabi/13.3.1/thumb/v7-m/nofp/libgcc.a

.debug_info     0x00000000     0xe5b8
 .debug_info    0x00000000      0x7b3 ./Core/Src/adc.o
 .debug_info    0x000007b3      0x432 ./Core/Src/gpio.o
 .debug_info    0x00000be5      0x874 ./Core/Src/i2c.o
 .debug_info    0x00001459      0x33b ./Core/Src/main.o
 .debug_info    0x00001794      0x204 ./Core/Src/stm32f1xx_hal_msp.o
 .debug_info    0x00001998      0x6e6 ./Core/Src/stm32f1xx_it.o
 .debug_info    0x0000207e      0x222 ./Core/Src/system_stm32f1xx.o
 .debug_info    0x000022a0      0xd8c ./Core/Src/tim.o
 .debug_info    0x0000302c      0x76b ./Core/Src/usart.o
 .debug_info    0x00003797       0x30 ./Core/Startup/startup_stm32f103c8tx.o
 .debug_info    0x000037c7      0x704 ./Drivers/STM32F1xx_HAL_Driver/Src/stm32f1xx_hal.o
 .debug_info    0x00003ecb      0xc2d ./Drivers/STM32F1xx_HAL_Driver/Src/stm32f1xx_hal_adc.o
 .debug_info    0x00004af8      0xa87 ./Drivers/STM32F1xx_HAL_Driver/Src/stm32f1xx_hal_cortex.o
 .debug_info    0x0000557f      0x5ab ./Drivers/STM32F1xx_HAL_Driver/Src/stm32f1xx_hal_gpio.o
 .debug_info    0x00005b2a     0x24eb ./Drivers/STM32F1xx_HAL_Driver/Src/stm32f1xx_hal_i2c.o
 .debug_info    0x00008015      0x7e9 ./Drivers/STM32F1xx_HAL_Driver/Src/stm32f1xx_hal_rcc.o
 .debug_info    0x000087fe      0x3b0 ./Drivers/STM32F1xx_HAL_Driver/Src/stm32f1xx_hal_rcc_ex.o
 .debug_info    0x00008bae     0x2789 ./Drivers/STM32F1xx_HAL_Driver/Src/stm32f1xx_hal_tim.o
 .debug_info    0x0000b337     0x13f1 ./Drivers/STM32F1xx_HAL_Driver/Src/stm32f1xx_hal_tim_ex.o
 .debug_info    0x0000c728     0x1493 ./Drivers/STM32F1xx_HAL_Driver/Src/stm32f1xx_hal_uart.o
 .debug_info    0x0000dbbb      0x676 ./Hardware/OLED/oled.o
 .debug_info    0x0000e231      0x1d8 ./System/delay/delay.o
 .debug_info    0x0000e409      0x1af ./User/show/show.o

.debug_abbrev   0x00000000     0x2a18
 .debug_abbrev  0x00000000      0x1e1 ./Core/Src/adc.o
 .debug_abbrev  0x000001e1      0x161 ./Core/Src/gpio.o
 .debug_abbrev  0x00000342      0x1ef ./Core/Src/i2c.o
 .debug_abbrev  0x00000531      0x194 ./Core/Src/main.o
 .debug_abbrev  0x000006c5       0xf7 ./Core/Src/stm32f1xx_hal_msp.o
 .debug_abbrev  0x000007bc      0x1a6 ./Core/Src/stm32f1xx_it.o
 .debug_abbrev  0x00000962      0x13f ./Core/Src/system_stm32f1xx.o
 .debug_abbrev  0x00000aa1      0x26a ./Core/Src/tim.o
 .debug_abbrev  0x00000d0b      0x1df ./Core/Src/usart.o
 .debug_abbrev  0x00000eea       0x24 ./Core/Startup/startup_stm32f103c8tx.o
 .debug_abbrev  0x00000f0e      0x201 ./Drivers/STM32F1xx_HAL_Driver/Src/stm32f1xx_hal.o
 .debug_abbrev  0x0000110f      0x225 ./Drivers/STM32F1xx_HAL_Driver/Src/stm32f1xx_hal_adc.o
 .debug_abbrev  0x00001334      0x2f8 ./Drivers/STM32F1xx_HAL_Driver/Src/stm32f1xx_hal_cortex.o
 .debug_abbrev  0x0000162c      0x1ca ./Drivers/STM32F1xx_HAL_Driver/Src/stm32f1xx_hal_gpio.o
 .debug_abbrev  0x000017f6      0x2a3 ./Drivers/STM32F1xx_HAL_Driver/Src/stm32f1xx_hal_i2c.o
 .debug_abbrev  0x00001a99      0x2b1 ./Drivers/STM32F1xx_HAL_Driver/Src/stm32f1xx_hal_rcc.o
 .debug_abbrev  0x00001d4a      0x188 ./Drivers/STM32F1xx_HAL_Driver/Src/stm32f1xx_hal_rcc_ex.o
 .debug_abbrev  0x00001ed2      0x270 ./Drivers/STM32F1xx_HAL_Driver/Src/stm32f1xx_hal_tim.o
 .debug_abbrev  0x00002142      0x27b ./Drivers/STM32F1xx_HAL_Driver/Src/stm32f1xx_hal_tim_ex.o
 .debug_abbrev  0x000023bd      0x28d ./Drivers/STM32F1xx_HAL_Driver/Src/stm32f1xx_hal_uart.o
 .debug_abbrev  0x0000264a      0x1d6 ./Hardware/OLED/oled.o
 .debug_abbrev  0x00002820      0x107 ./System/delay/delay.o
 .debug_abbrev  0x00002927       0xf1 ./User/show/show.o

.debug_aranges  0x00000000     0x10f8
 .debug_aranges
                0x00000000       0x30 ./Core/Src/adc.o
 .debug_aranges
                0x00000030       0x20 ./Core/Src/gpio.o
 .debug_aranges
                0x00000050       0x30 ./Core/Src/i2c.o
 .debug_aranges
                0x00000080       0x30 ./Core/Src/main.o
 .debug_aranges
                0x000000b0       0x20 ./Core/Src/stm32f1xx_hal_msp.o
 .debug_aranges
                0x000000d0       0x78 ./Core/Src/stm32f1xx_it.o
 .debug_aranges
                0x00000148       0x28 ./Core/Src/system_stm32f1xx.o
 .debug_aranges
                0x00000170       0x58 ./Core/Src/tim.o
 .debug_aranges
                0x000001c8       0x30 ./Core/Src/usart.o
 .debug_aranges
                0x000001f8       0x28 ./Core/Startup/startup_stm32f103c8tx.o
 .debug_aranges
                0x00000220       0xe0 ./Drivers/STM32F1xx_HAL_Driver/Src/stm32f1xx_hal.o
 .debug_aranges
                0x00000300       0xf0 ./Drivers/STM32F1xx_HAL_Driver/Src/stm32f1xx_hal_adc.o
 .debug_aranges
                0x000003f0      0x100 ./Drivers/STM32F1xx_HAL_Driver/Src/stm32f1xx_hal_cortex.o
 .debug_aranges
                0x000004f0       0x58 ./Drivers/STM32F1xx_HAL_Driver/Src/stm32f1xx_hal_gpio.o
 .debug_aranges
                0x00000548      0x2a0 ./Drivers/STM32F1xx_HAL_Driver/Src/stm32f1xx_hal_i2c.o
 .debug_aranges
                0x000007e8       0x90 ./Drivers/STM32F1xx_HAL_Driver/Src/stm32f1xx_hal_rcc.o
 .debug_aranges
                0x00000878       0x30 ./Drivers/STM32F1xx_HAL_Driver/Src/stm32f1xx_hal_rcc_ex.o
 .debug_aranges
                0x000008a8      0x3d0 ./Drivers/STM32F1xx_HAL_Driver/Src/stm32f1xx_hal_tim.o
 .debug_aranges
                0x00000c78      0x168 ./Drivers/STM32F1xx_HAL_Driver/Src/stm32f1xx_hal_tim_ex.o
 .debug_aranges
                0x00000de0      0x200 ./Drivers/STM32F1xx_HAL_Driver/Src/stm32f1xx_hal_uart.o
 .debug_aranges
                0x00000fe0       0x80 ./Hardware/OLED/oled.o
 .debug_aranges
                0x00001060       0x30 ./System/delay/delay.o
 .debug_aranges
                0x00001090       0x68 ./User/show/show.o

.debug_rnglists
                0x00000000      0xd4f
 .debug_rnglists
                0x00000000       0x1f ./Core/Src/adc.o
 .debug_rnglists
                0x0000001f       0x14 ./Core/Src/gpio.o
 .debug_rnglists
                0x00000033       0x20 ./Core/Src/i2c.o
 .debug_rnglists
                0x00000053       0x20 ./Core/Src/main.o
 .debug_rnglists
                0x00000073       0x13 ./Core/Src/stm32f1xx_hal_msp.o
 .debug_rnglists
                0x00000086       0x55 ./Core/Src/stm32f1xx_it.o
 .debug_rnglists
                0x000000db       0x1a ./Core/Src/system_stm32f1xx.o
 .debug_rnglists
                0x000000f5       0x40 ./Core/Src/tim.o
 .debug_rnglists
                0x00000135       0x20 ./Core/Src/usart.o
 .debug_rnglists
                0x00000155       0x19 ./Core/Startup/startup_stm32f103c8tx.o
 .debug_rnglists
                0x0000016e       0xa3 ./Drivers/STM32F1xx_HAL_Driver/Src/stm32f1xx_hal.o
 .debug_rnglists
                0x00000211       0xbc ./Drivers/STM32F1xx_HAL_Driver/Src/stm32f1xx_hal_adc.o
 .debug_rnglists
                0x000002cd       0xbb ./Drivers/STM32F1xx_HAL_Driver/Src/stm32f1xx_hal_cortex.o
 .debug_rnglists
                0x00000388       0x3f ./Drivers/STM32F1xx_HAL_Driver/Src/stm32f1xx_hal_gpio.o
 .debug_rnglists
                0x000003c7      0x23f ./Drivers/STM32F1xx_HAL_Driver/Src/stm32f1xx_hal_i2c.o
 .debug_rnglists
                0x00000606       0x6c ./Drivers/STM32F1xx_HAL_Driver/Src/stm32f1xx_hal_rcc.o
 .debug_rnglists
                0x00000672       0x21 ./Drivers/STM32F1xx_HAL_Driver/Src/stm32f1xx_hal_rcc_ex.o
 .debug_rnglists
                0x00000693      0x31a ./Drivers/STM32F1xx_HAL_Driver/Src/stm32f1xx_hal_tim.o
 .debug_rnglists
                0x000009ad      0x125 ./Drivers/STM32F1xx_HAL_Driver/Src/stm32f1xx_hal_tim_ex.o
 .debug_rnglists
                0x00000ad2      0x1b4 ./Drivers/STM32F1xx_HAL_Driver/Src/stm32f1xx_hal_uart.o
 .debug_rnglists
                0x00000c86       0x61 ./Hardware/OLED/oled.o
 .debug_rnglists
                0x00000ce7       0x1f ./System/delay/delay.o
 .debug_rnglists
                0x00000d06       0x49 ./User/show/show.o

.debug_macro    0x00000000    0x18f7e
 .debug_macro   0x00000000      0x213 ./Core/Src/adc.o
 .debug_macro   0x00000213      0xacc ./Core/Src/adc.o
 .debug_macro   0x00000cdf      0x227 ./Core/Src/adc.o
 .debug_macro   0x00000f06       0x2e ./Core/Src/adc.o
 .debug_macro   0x00000f34       0x22 ./Core/Src/adc.o
 .debug_macro   0x00000f56       0x22 ./Core/Src/adc.o
 .debug_macro   0x00000f78       0x8e ./Core/Src/adc.o
 .debug_macro   0x00001006       0x51 ./Core/Src/adc.o
 .debug_macro   0x00001057      0x103 ./Core/Src/adc.o
 .debug_macro   0x0000115a       0x6a ./Core/Src/adc.o
 .debug_macro   0x000011c4      0x1df ./Core/Src/adc.o
 .debug_macro   0x000013a3       0x1c ./Core/Src/adc.o
 .debug_macro   0x000013bf       0x22 ./Core/Src/adc.o
 .debug_macro   0x000013e1       0xbd ./Core/Src/adc.o
 .debug_macro   0x0000149e      0xd23 ./Core/Src/adc.o
 .debug_macro   0x000021c1     0xe09e ./Core/Src/adc.o
 .debug_macro   0x0001025f       0x6d ./Core/Src/adc.o
 .debug_macro   0x000102cc     0x3468 ./Core/Src/adc.o
 .debug_macro   0x00013734      0x190 ./Core/Src/adc.o
 .debug_macro   0x000138c4       0x5c ./Core/Src/adc.o
 .debug_macro   0x00013920      0x5be ./Core/Src/adc.o
 .debug_macro   0x00013ede      0x289 ./Core/Src/adc.o
 .debug_macro   0x00014167      0x1cb ./Core/Src/adc.o
 .debug_macro   0x00014332      0x114 ./Core/Src/adc.o
 .debug_macro   0x00014446      0x1b2 ./Core/Src/adc.o
 .debug_macro   0x000145f8       0x27 ./Core/Src/adc.o
 .debug_macro   0x0001461f      0x136 ./Core/Src/adc.o
 .debug_macro   0x00014755      0x1bc ./Core/Src/adc.o
 .debug_macro   0x00014911       0x34 ./Core/Src/adc.o
 .debug_macro   0x00014945       0x3c ./Core/Src/adc.o
 .debug_macro   0x00014981       0x57 ./Core/Src/adc.o
 .debug_macro   0x000149d8      0x46a ./Core/Src/adc.o
 .debug_macro   0x00014e42      0x1b5 ./Core/Src/adc.o
 .debug_macro   0x00014ff7       0x88 ./Core/Src/adc.o
 .debug_macro   0x0001507f      0x241 ./Core/Src/adc.o
 .debug_macro   0x000152c0      0x287 ./Core/Src/adc.o
 .debug_macro   0x00015547      0x141 ./Core/Src/adc.o
 .debug_macro   0x00015688      0x8d1 ./Core/Src/adc.o
 .debug_macro   0x00015f59      0x279 ./Core/Src/adc.o
 .debug_macro   0x000161d2       0x83 ./Core/Src/adc.o
 .debug_macro   0x00016255       0x40 ./Core/Src/adc.o
 .debug_macro   0x00016295      0x25a ./Core/Src/adc.o
 .debug_macro   0x000164ef      0x213 ./Core/Src/gpio.o
 .debug_macro   0x00016702      0x219 ./Core/Src/i2c.o
 .debug_macro   0x0001691b      0x233 ./Core/Src/main.o
 .debug_macro   0x00016b4e      0x20f ./Core/Src/stm32f1xx_hal_msp.o
 .debug_macro   0x00016d5d      0x219 ./Core/Src/stm32f1xx_it.o
 .debug_macro   0x00016f76      0x1c1 ./Core/Src/system_stm32f1xx.o
 .debug_macro   0x00017137      0x213 ./Core/Src/tim.o
 .debug_macro   0x0001734a      0x213 ./Core/Src/usart.o
 .debug_macro   0x0001755d      0x1e5 ./Drivers/STM32F1xx_HAL_Driver/Src/stm32f1xx_hal.o
 .debug_macro   0x00017742      0x1de ./Drivers/STM32F1xx_HAL_Driver/Src/stm32f1xx_hal_adc.o
 .debug_macro   0x00017920      0x1c1 ./Drivers/STM32F1xx_HAL_Driver/Src/stm32f1xx_hal_cortex.o
 .debug_macro   0x00017ae1      0x22c ./Drivers/STM32F1xx_HAL_Driver/Src/stm32f1xx_hal_gpio.o
 .debug_macro   0x00017d0d      0x208 ./Drivers/STM32F1xx_HAL_Driver/Src/stm32f1xx_hal_i2c.o
 .debug_macro   0x00017f15      0x1d3 ./Drivers/STM32F1xx_HAL_Driver/Src/stm32f1xx_hal_rcc.o
 .debug_macro   0x000180e8      0x1c1 ./Drivers/STM32F1xx_HAL_Driver/Src/stm32f1xx_hal_rcc_ex.o
 .debug_macro   0x000182a9      0x1c2 ./Drivers/STM32F1xx_HAL_Driver/Src/stm32f1xx_hal_tim.o
 .debug_macro   0x0001846b      0x1c1 ./Drivers/STM32F1xx_HAL_Driver/Src/stm32f1xx_hal_tim_ex.o
 .debug_macro   0x0001862c      0x1c2 ./Drivers/STM32F1xx_HAL_Driver/Src/stm32f1xx_hal_uart.o
 .debug_macro   0x000187ee      0x2fd ./Hardware/OLED/oled.o
 .debug_macro   0x00018aeb       0x61 ./Hardware/OLED/oled.o
 .debug_macro   0x00018b4c      0x219 ./System/delay/delay.o
 .debug_macro   0x00018d65      0x219 ./User/show/show.o

.debug_line     0x00000000    0x111c3
 .debug_line    0x00000000      0x526 ./Core/Src/adc.o
 .debug_line    0x00000526      0x4fd ./Core/Src/gpio.o
 .debug_line    0x00000a23      0x522 ./Core/Src/i2c.o
 .debug_line    0x00000f45      0x569 ./Core/Src/main.o
 .debug_line    0x000014ae      0x4b9 ./Core/Src/stm32f1xx_hal_msp.o
 .debug_line    0x00001967      0x5b0 ./Core/Src/stm32f1xx_it.o
 .debug_line    0x00001f17      0x4f4 ./Core/Src/system_stm32f1xx.o
 .debug_line    0x0000240b      0x6a2 ./Core/Src/tim.o
 .debug_line    0x00002aad      0x520 ./Core/Src/usart.o
 .debug_line    0x00002fcd       0x79 ./Core/Startup/startup_stm32f103c8tx.o
 .debug_line    0x00003046      0x725 ./Drivers/STM32F1xx_HAL_Driver/Src/stm32f1xx_hal.o
 .debug_line    0x0000376b      0xd3c ./Drivers/STM32F1xx_HAL_Driver/Src/stm32f1xx_hal_adc.o
 .debug_line    0x000044a7      0x8ef ./Drivers/STM32F1xx_HAL_Driver/Src/stm32f1xx_hal_cortex.o
 .debug_line    0x00004d96      0x780 ./Drivers/STM32F1xx_HAL_Driver/Src/stm32f1xx_hal_gpio.o
 .debug_line    0x00005516     0x3876 ./Drivers/STM32F1xx_HAL_Driver/Src/stm32f1xx_hal_i2c.o
 .debug_line    0x00008d8c      0xbe0 ./Drivers/STM32F1xx_HAL_Driver/Src/stm32f1xx_hal_rcc.o
 .debug_line    0x0000996c      0x694 ./Drivers/STM32F1xx_HAL_Driver/Src/stm32f1xx_hal_rcc_ex.o
 .debug_line    0x0000a000     0x30c2 ./Drivers/STM32F1xx_HAL_Driver/Src/stm32f1xx_hal_tim.o
 .debug_line    0x0000d0c2     0x15c2 ./Drivers/STM32F1xx_HAL_Driver/Src/stm32f1xx_hal_tim_ex.o
 .debug_line    0x0000e684     0x16d4 ./Drivers/STM32F1xx_HAL_Driver/Src/stm32f1xx_hal_uart.o
 .debug_line    0x0000fd58      0x97d ./Hardware/OLED/oled.o
 .debug_line    0x000106d5      0x577 ./System/delay/delay.o
 .debug_line    0x00010c4c      0x577 ./User/show/show.o

.debug_str      0x00000000    0x917bd
 .debug_str     0x00000000    0x917bd ./Core/Src/adc.o
                              0x8a416 (size before relaxing)
 .debug_str     0x000917bd    0x8a377 ./Core/Src/gpio.o
 .debug_str     0x000917bd    0x8a564 ./Core/Src/i2c.o
 .debug_str     0x000917bd    0x8a244 ./Core/Src/main.o
 .debug_str     0x000917bd    0x8a021 ./Core/Src/stm32f1xx_hal_msp.o
 .debug_str     0x000917bd    0x8a562 ./Core/Src/stm32f1xx_it.o
 .debug_str     0x000917bd    0x89785 ./Core/Src/system_stm32f1xx.o
 .debug_str     0x000917bd    0x8ab48 ./Core/Src/tim.o
 .debug_str     0x000917bd    0x8a48f ./Core/Src/usart.o
 .debug_str     0x000917bd       0x8f ./Core/Startup/startup_stm32f103c8tx.o
 .debug_str     0x000917bd    0x89eb8 ./Drivers/STM32F1xx_HAL_Driver/Src/stm32f1xx_hal.o
 .debug_str     0x000917bd    0x89e62 ./Drivers/STM32F1xx_HAL_Driver/Src/stm32f1xx_hal_adc.o
 .debug_str     0x000917bd    0x89e04 ./Drivers/STM32F1xx_HAL_Driver/Src/stm32f1xx_hal_cortex.o
 .debug_str     0x000917bd    0x89b0b ./Drivers/STM32F1xx_HAL_Driver/Src/stm32f1xx_hal_gpio.o
 .debug_str     0x000917bd    0x8a7f9 ./Drivers/STM32F1xx_HAL_Driver/Src/stm32f1xx_hal_i2c.o
 .debug_str     0x000917bd    0x89bb4 ./Drivers/STM32F1xx_HAL_Driver/Src/stm32f1xx_hal_rcc.o
 .debug_str     0x000917bd    0x89904 ./Drivers/STM32F1xx_HAL_Driver/Src/stm32f1xx_hal_rcc_ex.o
 .debug_str     0x000917bd    0x8ab9f ./Drivers/STM32F1xx_HAL_Driver/Src/stm32f1xx_hal_tim.o
 .debug_str     0x000917bd    0x8a3bb ./Drivers/STM32F1xx_HAL_Driver/Src/stm32f1xx_hal_tim_ex.o
 .debug_str     0x000917bd    0x8a1bf ./Drivers/STM32F1xx_HAL_Driver/Src/stm32f1xx_hal_uart.o
 .debug_str     0x000917bd    0x8d3ac ./Hardware/OLED/oled.o
 .debug_str     0x000917bd    0x8a001 ./System/delay/delay.o
 .debug_str     0x000917bd    0x8a01d ./User/show/show.o

.comment        0x00000000       0x45
 .comment       0x00000000       0x45 ./Core/Src/adc.o
                                 0x46 (size before relaxing)
 .comment       0x00000045       0x46 ./Core/Src/gpio.o
 .comment       0x00000045       0x46 ./Core/Src/i2c.o
 .comment       0x00000045       0x46 ./Core/Src/main.o
 .comment       0x00000045       0x46 ./Core/Src/stm32f1xx_hal_msp.o
 .comment       0x00000045       0x46 ./Core/Src/stm32f1xx_it.o
 .comment       0x00000045       0x46 ./Core/Src/system_stm32f1xx.o
 .comment       0x00000045       0x46 ./Core/Src/tim.o
 .comment       0x00000045       0x46 ./Core/Src/usart.o
 .comment       0x00000045       0x46 ./Drivers/STM32F1xx_HAL_Driver/Src/stm32f1xx_hal.o
 .comment       0x00000045       0x46 ./Drivers/STM32F1xx_HAL_Driver/Src/stm32f1xx_hal_adc.o
 .comment       0x00000045       0x46 ./Drivers/STM32F1xx_HAL_Driver/Src/stm32f1xx_hal_cortex.o
 .comment       0x00000045       0x46 ./Drivers/STM32F1xx_HAL_Driver/Src/stm32f1xx_hal_gpio.o
 .comment       0x00000045       0x46 ./Drivers/STM32F1xx_HAL_Driver/Src/stm32f1xx_hal_i2c.o
 .comment       0x00000045       0x46 ./Drivers/STM32F1xx_HAL_Driver/Src/stm32f1xx_hal_rcc.o
 .comment       0x00000045       0x46 ./Drivers/STM32F1xx_HAL_Driver/Src/stm32f1xx_hal_rcc_ex.o
 .comment       0x00000045       0x46 ./Drivers/STM32F1xx_HAL_Driver/Src/stm32f1xx_hal_tim.o
 .comment       0x00000045       0x46 ./Drivers/STM32F1xx_HAL_Driver/Src/stm32f1xx_hal_tim_ex.o
 .comment       0x00000045       0x46 ./Drivers/STM32F1xx_HAL_Driver/Src/stm32f1xx_hal_uart.o
 .comment       0x00000045       0x46 ./Hardware/OLED/oled.o
 .comment       0x00000045       0x46 ./System/delay/delay.o
 .comment       0x00000045       0x46 ./User/show/show.o

.debug_frame    0x00000000     0x45d0
 .debug_frame   0x00000000       0x7c ./Core/Src/adc.o
 .debug_frame   0x0000007c       0x34 ./Core/Src/gpio.o
 .debug_frame   0x000000b0       0x74 ./Core/Src/i2c.o
 .debug_frame   0x00000124       0x68 ./Core/Src/main.o
 .debug_frame   0x0000018c       0x34 ./Core/Src/stm32f1xx_hal_msp.o
 .debug_frame   0x000001c0      0x158 ./Core/Src/stm32f1xx_it.o
 .debug_frame   0x00000318       0x58 ./Core/Src/system_stm32f1xx.o
 .debug_frame   0x00000370      0x130 ./Core/Src/tim.o
 .debug_frame   0x000004a0       0x74 ./Core/Src/usart.o
 .debug_frame   0x00000514      0x334 ./Drivers/STM32F1xx_HAL_Driver/Src/stm32f1xx_hal.o
 .debug_frame   0x00000848      0x40c ./Drivers/STM32F1xx_HAL_Driver/Src/stm32f1xx_hal_adc.o
 .debug_frame   0x00000c54      0x428 ./Drivers/STM32F1xx_HAL_Driver/Src/stm32f1xx_hal_cortex.o
 .debug_frame   0x0000107c      0x14c ./Drivers/STM32F1xx_HAL_Driver/Src/stm32f1xx_hal_gpio.o
 .debug_frame   0x000011c8      0xc5c ./Drivers/STM32F1xx_HAL_Driver/Src/stm32f1xx_hal_i2c.o
 .debug_frame   0x00001e24      0x21c ./Drivers/STM32F1xx_HAL_Driver/Src/stm32f1xx_hal_rcc.o
 .debug_frame   0x00002040       0x84 ./Drivers/STM32F1xx_HAL_Driver/Src/stm32f1xx_hal_rcc_ex.o
 .debug_frame   0x000020c4     0x11b8 ./Drivers/STM32F1xx_HAL_Driver/Src/stm32f1xx_hal_tim.o
 .debug_frame   0x0000327c      0x638 ./Drivers/STM32F1xx_HAL_Driver/Src/stm32f1xx_hal_tim_ex.o
 .debug_frame   0x000038b4      0x914 ./Drivers/STM32F1xx_HAL_Driver/Src/stm32f1xx_hal_uart.o
 .debug_frame   0x000041c8      0x1e8 ./Hardware/OLED/oled.o
 .debug_frame   0x000043b0       0x88 ./System/delay/delay.o
 .debug_frame   0x00004438      0x14c ./User/show/show.o
 .debug_frame   0x00004584       0x2c /usr/bin/../lib/gcc/arm-none-eabi/13.3.1/../../../../arm-none-eabi/lib/thumb/v7-m/nofp/libc_nano.a(libc_a-init.o)
 .debug_frame   0x000045b0       0x20 /usr/bin/../lib/gcc/arm-none-eabi/13.3.1/../../../../arm-none-eabi/lib/thumb/v7-m/nofp/libc_nano.a(libc_a-memset.o)

.debug_line_str
                0x00000000       0x73
 .debug_line_str
                0x00000000       0x73 ./Core/Startup/startup_stm32f103c8tx.o
